Archive member included to satisfy reference by file (symbol)

C:/ST/STM32CubeIDE_1.18.0/STM32CubeIDE/plugins/com.st.stm32cube.ide.mcu.externaltools.gnu-tools-for-stm32.13.3.rel1.win32_1.0.0.202411081344/tools/bin/../lib/gcc/arm-none-eabi/13.3.1/../../../../arm-none-eabi/lib/thumb/v7e-m+fp/hard\libc_nano.a(libc_a-exit.o)
                              C:/ST/STM32CubeIDE_1.18.0/STM32CubeIDE/plugins/com.st.stm32cube.ide.mcu.externaltools.gnu-tools-for-stm32.13.3.rel1.win32_1.0.0.202411081344/tools/bin/../lib/gcc/arm-none-eabi/13.3.1/../../../../arm-none-eabi/lib/thumb/v7e-m+fp/hard/crt0.o (exit)
C:/ST/STM32CubeIDE_1.18.0/STM32CubeIDE/plugins/com.st.stm32cube.ide.mcu.externaltools.gnu-tools-for-stm32.13.3.rel1.win32_1.0.0.202411081344/tools/bin/../lib/gcc/arm-none-eabi/13.3.1/../../../../arm-none-eabi/lib/thumb/v7e-m+fp/hard\libc_nano.a(libc_a-findfp.o)
                              C:/ST/STM32CubeIDE_1.18.0/STM32CubeIDE/plugins/com.st.stm32cube.ide.mcu.externaltools.gnu-tools-for-stm32.13.3.rel1.win32_1.0.0.202411081344/tools/bin/../lib/gcc/arm-none-eabi/13.3.1/../../../../arm-none-eabi/lib/thumb/v7e-m+fp/hard\libc_nano.a(libc_a-exit.o) (__stdio_exit_handler)
C:/ST/STM32CubeIDE_1.18.0/STM32CubeIDE/plugins/com.st.stm32cube.ide.mcu.externaltools.gnu-tools-for-stm32.13.3.rel1.win32_1.0.0.202411081344/tools/bin/../lib/gcc/arm-none-eabi/13.3.1/../../../../arm-none-eabi/lib/thumb/v7e-m+fp/hard\libc_nano.a(libc_a-fwalk.o)
                              C:/ST/STM32CubeIDE_1.18.0/STM32CubeIDE/plugins/com.st.stm32cube.ide.mcu.externaltools.gnu-tools-for-stm32.13.3.rel1.win32_1.0.0.202411081344/tools/bin/../lib/gcc/arm-none-eabi/13.3.1/../../../../arm-none-eabi/lib/thumb/v7e-m+fp/hard\libc_nano.a(libc_a-findfp.o) (_fwalk_sglue)
C:/ST/STM32CubeIDE_1.18.0/STM32CubeIDE/plugins/com.st.stm32cube.ide.mcu.externaltools.gnu-tools-for-stm32.13.3.rel1.win32_1.0.0.202411081344/tools/bin/../lib/gcc/arm-none-eabi/13.3.1/../../../../arm-none-eabi/lib/thumb/v7e-m+fp/hard\libc_nano.a(libc_a-sprintf.o)
                              ./Core/Src/freertos.o (sprintf)
C:/ST/STM32CubeIDE_1.18.0/STM32CubeIDE/plugins/com.st.stm32cube.ide.mcu.externaltools.gnu-tools-for-stm32.13.3.rel1.win32_1.0.0.202411081344/tools/bin/../lib/gcc/arm-none-eabi/13.3.1/../../../../arm-none-eabi/lib/thumb/v7e-m+fp/hard\libc_nano.a(libc_a-stdio.o)
                              C:/ST/STM32CubeIDE_1.18.0/STM32CubeIDE/plugins/com.st.stm32cube.ide.mcu.externaltools.gnu-tools-for-stm32.13.3.rel1.win32_1.0.0.202411081344/tools/bin/../lib/gcc/arm-none-eabi/13.3.1/../../../../arm-none-eabi/lib/thumb/v7e-m+fp/hard\libc_nano.a(libc_a-findfp.o) (__sread)
C:/ST/STM32CubeIDE_1.18.0/STM32CubeIDE/plugins/com.st.stm32cube.ide.mcu.externaltools.gnu-tools-for-stm32.13.3.rel1.win32_1.0.0.202411081344/tools/bin/../lib/gcc/arm-none-eabi/13.3.1/../../../../arm-none-eabi/lib/thumb/v7e-m+fp/hard\libc_nano.a(libc_a-memset.o)
                              C:/ST/STM32CubeIDE_1.18.0/STM32CubeIDE/plugins/com.st.stm32cube.ide.mcu.externaltools.gnu-tools-for-stm32.13.3.rel1.win32_1.0.0.202411081344/tools/bin/../lib/gcc/arm-none-eabi/13.3.1/../../../../arm-none-eabi/lib/thumb/v7e-m+fp/hard/crt0.o (memset)
C:/ST/STM32CubeIDE_1.18.0/STM32CubeIDE/plugins/com.st.stm32cube.ide.mcu.externaltools.gnu-tools-for-stm32.13.3.rel1.win32_1.0.0.202411081344/tools/bin/../lib/gcc/arm-none-eabi/13.3.1/../../../../arm-none-eabi/lib/thumb/v7e-m+fp/hard\libc_nano.a(libc_a-closer.o)
                              C:/ST/STM32CubeIDE_1.18.0/STM32CubeIDE/plugins/com.st.stm32cube.ide.mcu.externaltools.gnu-tools-for-stm32.13.3.rel1.win32_1.0.0.202411081344/tools/bin/../lib/gcc/arm-none-eabi/13.3.1/../../../../arm-none-eabi/lib/thumb/v7e-m+fp/hard\libc_nano.a(libc_a-stdio.o) (_close_r)
C:/ST/STM32CubeIDE_1.18.0/STM32CubeIDE/plugins/com.st.stm32cube.ide.mcu.externaltools.gnu-tools-for-stm32.13.3.rel1.win32_1.0.0.202411081344/tools/bin/../lib/gcc/arm-none-eabi/13.3.1/../../../../arm-none-eabi/lib/thumb/v7e-m+fp/hard\libc_nano.a(libc_a-reent.o)
                              C:/ST/STM32CubeIDE_1.18.0/STM32CubeIDE/plugins/com.st.stm32cube.ide.mcu.externaltools.gnu-tools-for-stm32.13.3.rel1.win32_1.0.0.202411081344/tools/bin/../lib/gcc/arm-none-eabi/13.3.1/../../../../arm-none-eabi/lib/thumb/v7e-m+fp/hard\libc_nano.a(libc_a-closer.o) (errno)
C:/ST/STM32CubeIDE_1.18.0/STM32CubeIDE/plugins/com.st.stm32cube.ide.mcu.externaltools.gnu-tools-for-stm32.13.3.rel1.win32_1.0.0.202411081344/tools/bin/../lib/gcc/arm-none-eabi/13.3.1/../../../../arm-none-eabi/lib/thumb/v7e-m+fp/hard\libc_nano.a(libc_a-impure.o)
                              C:/ST/STM32CubeIDE_1.18.0/STM32CubeIDE/plugins/com.st.stm32cube.ide.mcu.externaltools.gnu-tools-for-stm32.13.3.rel1.win32_1.0.0.202411081344/tools/bin/../lib/gcc/arm-none-eabi/13.3.1/../../../../arm-none-eabi/lib/thumb/v7e-m+fp/hard\libc_nano.a(libc_a-sprintf.o) (_impure_ptr)
[...]
Memory Configuration

Name             Origin             Length             Attributes
CCMRAM           0x10000000         0x00010000         xrw
RAM              0x20000000         0x00030000         xrw
FLASH            0x08000000         0x00200000         xr
*default*        0x00000000         0xffffffff

Linker script and memory map

LOAD C:/ST/STM32CubeIDE_1.18.0/STM32CubeIDE/plugins/com.st.stm32cube.ide.mcu.externaltools.gnu-tools-for-stm32.13.3.rel1.win32_1.0.0.202411081344/tools/bin/../lib/gcc/arm-none-eabi/13.3.1/thumb/v7e-m+fp/hard/crti.o
LOAD C:/ST/STM32CubeIDE_1.18.0/STM32CubeIDE/plugins/com.st.stm32cube.ide.mcu.externaltools.gnu-tools-for-stm32.13.3.rel1.win32_1.0.0.202411081344/tools/bin/../lib/gcc/arm-none-eabi/13.3.1/thumb/v7e-m+fp/hard/crtbegin.o
LOAD C:/ST/STM32CubeIDE_1.18.0/STM32CubeIDE/plugins/com.st.stm32cube.ide.mcu.externaltools.gnu-tools-for-stm32.13.3.rel1.win32_1.0.0.202411081344/tools/bin/../lib/gcc/arm-none-eabi/13.3.1/../../../../arm-none-eabi/lib/thumb/v7e-m+fp/hard/crt0.o
LOAD ./Core/Src/adc.o
LOAD ./Core/Src/dma.o
LOAD ./Core/Src/freertos.o
LOAD ./Core/Src/gpio.o
LOAD ./Core/Src/main.o
LOAD ./Core/Src/stm32f4xx_hal_msp.o
LOAD ./Core/Src/stm32f4xx_it.o
LOAD ./Core/Src/syscalls.o
LOAD ./Core/Src/sysmem.o
LOAD ./Core/Src/system_stm32f4xx.o
LOAD ./Core/Src/tim.o
LOAD ./Core/Src/usart.o
LOAD ./Core/Startup/startup_stm32f439zitx.o
LOAD ./Drivers/STM32F4xx_HAL_Driver/stm32f4xx_hal.o
LOAD ./Drivers/STM32F4xx_HAL_Driver/stm32f4xx_hal_adc.o
LOAD ./Drivers/STM32F4xx_HAL_Driver/stm32f4xx_hal_adc_ex.o
LOAD ./Drivers/STM32F4xx_HAL_Driver/stm32f4xx_hal_cortex.o
LOAD ./Drivers/STM32F4xx_HAL_Driver/stm32f4xx_hal_dma.o
LOAD ./Drivers/STM32F4xx_HAL_Driver/stm32f4xx_hal_dma_ex.o
LOAD ./Drivers/STM32F4xx_HAL_Driver/stm32f4xx_hal_exti.o
LOAD ./Drivers/STM32F4xx_HAL_Driver/stm32f4xx_hal_flash.o
LOAD ./Drivers/STM32F4xx_HAL_Driver/stm32f4xx_hal_flash_ex.o
LOAD ./Drivers/STM32F4xx_HAL_Driver/stm32f4xx_hal_flash_ramfunc.o
LOAD ./Drivers/STM32F4xx_HAL_Driver/stm32f4xx_hal_gpio.o
LOAD ./Drivers/STM32F4xx_HAL_Driver/stm32f4xx_hal_pwr.o
LOAD ./Drivers/STM32F4xx_HAL_Driver/stm32f4xx_hal_pwr_ex.o
LOAD ./Drivers/STM32F4xx_HAL_Driver/stm32f4xx_hal_rcc.o
LOAD ./Drivers/STM32F4xx_HAL_Driver/stm32f4xx_hal_rcc_ex.o
LOAD ./Drivers/STM32F4xx_HAL_Driver/stm32f4xx_hal_tim.o
LOAD ./Drivers/STM32F4xx_HAL_Driver/stm32f4xx_hal_tim_ex.o
LOAD ./Drivers/STM32F4xx_HAL_Driver/stm32f4xx_hal_uart.o
LOAD ./Drivers/STM32F4xx_HAL_Driver/stm32f4xx_ll_adc.o
LOAD ./Middlewares/FreeRTOS/cmsis_os.o
LOAD ./Middlewares/FreeRTOS/croutine.o
LOAD ./Middlewares/FreeRTOS/event_groups.o
LOAD ./Middlewares/FreeRTOS/heap_4.o
LOAD ./Middlewares/FreeRTOS/list.o
LOAD ./Middlewares/FreeRTOS/port.o
LOAD ./Middlewares/FreeRTOS/queue.o
LOAD ./Middlewares/FreeRTOS/stream_buffer.o
LOAD ./Middlewares/FreeRTOS/tasks.o
LOAD ./Middlewares/FreeRTOS/timers.o
START GROUP
LOAD C:/ST/STM32CubeIDE_1.18.0/STM32CubeIDE/plugins/com.st.stm32cube.ide.mcu.externaltools.gnu-tools-for-stm32.13.3.rel1.win32_1.0.0.202411081344/tools/bin/../lib/gcc/arm-none-eabi/13.3.1/../../../../arm-none-eabi/lib/thumb/v7e-m+fp/hard\libc_nano.a
LOAD C:/ST/STM32CubeIDE_1.18.0/STM32CubeIDE/plugins/com.st.stm32cube.ide.mcu.externaltools.gnu-tools-for-stm32.13.3.rel1.win32_1.0.0.202411081344/tools/bin/../lib/gcc/arm-none-eabi/13.3.1/../../../../arm-none-eabi/lib/thumb/v7e-m+fp/hard\libm.a
END GROUP
START GROUP
LOAD C:/ST/STM32CubeIDE_1.18.0/STM32CubeIDE/plugins/com.st.stm32cube.ide.mcu.externaltools.gnu-tools-for-stm32.13.3.rel1.win32_1.0.0.202411081344/tools/bin/../lib/gcc/arm-none-eabi/13.3.1/thumb/v7e-m+fp/hard\libgcc.a
LOAD C:/ST/STM32CubeIDE_1.18.0/STM32CubeIDE/plugins/com.st.stm32cube.ide.mcu.externaltools.gnu-tools-for-stm32.13.3.rel1.win32_1.0.0.202411081344/tools/bin/../lib/gcc/arm-none-eabi/13.3.1/../../../../arm-none-eabi/lib/thumb/v7e-m+fp/hard\libc_nano.a
END GROUP
START GROUP
LOAD C:/ST/STM32CubeIDE_1.18.0/STM32CubeIDE/plugins/com.st.stm32cube.ide.mcu.externaltools.gnu-tools-for-stm32.13.3.rel1.win32_1.0.0.202411081344/tools/bin/../lib/gcc/arm-none-eabi/13.3.1/thumb/v7e-m+fp/hard\libgcc.a
LOAD C:/ST/STM32CubeIDE_1.18.0/STM32CubeIDE/plugins/com.st.stm32cube.ide.mcu.externaltools.gnu-tools-for-stm32.13.3.rel1.win32_1.0.0.202411081344/tools/bin/../lib/gcc/arm-none-eabi/13.3.1/../../../../arm-none-eabi/lib/thumb/v7e-m+fp/hard\libc_nano.a
LOAD C:/ST/STM32CubeIDE_1.18.0/STM32CubeIDE/plugins/com.st.stm32cube.ide.mcu.externaltools.gnu-tools-for-stm32.13.3.rel1.win32_1.0.0.202411081344/tools/bin/../lib/gcc/arm-none-eabi/13.3.1/../../../../arm-none-eabi/lib/thumb/v7e-m+fp/hard\libnosys.a
END GROUP
START GROUP
LOAD C:/ST/STM32CubeIDE_1.18.0/STM32CubeIDE/plugins/com.st.stm32cube.ide.mcu.externaltools.gnu-tools-for-stm32.13.3.rel1.win32_1.0.0.202411081344/tools/bin/../lib/gcc/arm-none-eabi/13.3.1/thumb/v7e-m+fp/hard\libgcc.a
LOAD C:/ST/STM32CubeIDE_1.18.0/STM32CubeIDE/plugins/com.st.stm32cube.ide.mcu.externaltools.gnu-tools-for-stm32.13.3.rel1.win32_1.0.0.202411081344/tools/bin/../lib/gcc/arm-none-eabi/13.3.1/../../../../arm-none-eabi/lib/thumb/v7e-m+fp/hard\libc_nano.a
LOAD C:/ST/STM32CubeIDE_1.18.0/STM32CubeIDE/plugins/com.st.stm32cube.ide.mcu.externaltools.gnu-tools-for-stm32.13.3.rel1.win32_1.0.0.202411081344/tools/bin/../lib/gcc/arm-none-eabi/13.3.1/../../../../arm-none-eabi/lib/thumb/v7e-m+fp/hard\libnosys.a
END GROUP
LOAD C:/ST/STM32CubeIDE_1.18.0/STM32CubeIDE/plugins/com.st.stm32cube.ide.mcu.externaltools.gnu-tools-for-stm32.13.3.rel1.win32_1.0.0.202411081344/tools/bin/../lib/gcc/arm-none-eabi/13.3.1/thumb/v7e-m+fp/hard/crtend.o
LOAD C:/ST/STM32CubeIDE_1.18.0/STM32CubeIDE/plugins/com.st.stm32cube.ide.mcu.externaltools.gnu-tools-for-stm32.13.3.rel1.win32_1.0.0.202411081344/tools/bin/../lib/gcc/arm-none-eabi/13.3.1/thumb/v7e-m+fp/hard/crtn.o
                0x20030000                        _estack = (ORIGIN (RAM) + LENGTH (RAM))
                0x00000200                        _Min_Heap_Size = 0x200
                0x00000400                        _Min_Stack_Size = 0x400

.isr_vector     0x08000000      0x1ac
                0x08000000                        . = ALIGN (0x4)
 *(.isr_vector)
 .isr_vector    0x08000000      0x1ac ./Core/Startup/startup_stm32f439zitx.o
                0x08000000                g_pfnVectors
                0x080001ac                        . = ALIGN (0x4)

.text           0x080001b0     0x66b8
                0x080001b0                        . = ALIGN (0x4)
 *(.text)
 .text          0x080001b0       0x40 C:/ST/STM32CubeIDE_1.18.0/STM32CubeIDE/plugins/com.st.stm32cube.ide.mcu.externaltools.gnu-tools-for-stm32.13.3.rel1.win32_1.0.0.202411081344/tools/bin/../lib/gcc/arm-none-eabi/13.3.1/thumb/v7e-m+fp/hard/crtbegin.o
 .text          0x080001f0       0xa0 C:/ST/STM32CubeIDE_1.18.0/STM32CubeIDE/plugins/com.st.stm32cube.ide.mcu.externaltools.gnu-tools-for-stm32.13.3.rel1.win32_1.0.0.202411081344/tools/bin/../lib/gcc/arm-none-eabi/13.3.1/../../../../arm-none-eabi/lib/thumb/v7e-m+fp/hard\libc_nano.a(libc_a-memchr.o)
                0x080001f0                memchr
 .text          0x08000290       0x30 C:/ST/STM32CubeIDE_1.18.0/STM32CubeIDE/plugins/com.st.stm32cube.ide.mcu.externaltools.gnu-tools-for-stm32.13.3.rel1.win32_1.0.0.202411081344/tools/bin/../lib/gcc/arm-none-eabi/13.3.1/thumb/v7e-m+fp/hard\libgcc.a(_aeabi_uldivmod.o)
                0x08000290                __aeabi_uldivmod
 .text          0x080002c0      0x2f8 C:/ST/STM32CubeIDE_1.18.0/STM32CubeIDE/plugins/com.st.stm32cube.ide.mcu.externaltools.gnu-tools-for-stm32.13.3.rel1.win32_1.0.0.202411081344/tools/bin/../lib/gcc/arm-none-eabi/13.3.1/thumb/v7e-m+fp/hard\libgcc.a(_udivmoddi4.o)
                0x080002c0                __udivmoddi4
 .text          0x080005b8        0x4 C:/ST/STM32CubeIDE_1.18.0/STM32CubeIDE/plugins/com.st.stm32cube.ide.mcu.externaltools.gnu-tools-for-stm32.13.3.rel1.win32_1.0.0.202411081344/tools/bin/../lib/gcc/arm-none-eabi/13.3.1/thumb/v7e-m+fp/hard\libgcc.a(_dvmd_tls.o)
                0x080005b8                __aeabi_idiv0
                0x080005b8                __aeabi_ldiv0
 *(.text*)
 .text.MX_ADC1_Init
                0x080005bc       0xa4 ./Core/Src/adc.o
                0x080005bc                MX_ADC1_Init
 .text.HAL_ADC_MspInit
                0x08000660       0xf0 ./Core/Src/adc.o
                0x08000660                HAL_ADC_MspInit
 .text.MX_DMA_Init
                0x08000750       0x6c ./Core/Src/dma.o
                0x08000750                MX_DMA_Init
 .text.vApplicationGetIdleTaskMemory
                0x080007bc       0x34 ./Core/Src/freertos.o
                0x080007bc                vApplicationGetIdleTaskMemory
 .text.MX_FREERTOS_Init
                0x080007f0       0x68 ./Core/Src/freertos.o
                0x080007f0                MX_FREERTOS_Init
 .text.StartDefaultTask
                0x08000858       0x54 ./Core/Src/freertos.o
                0x08000858                StartDefaultTask
 .text.StartTask02
                0x080008ac       0x58 ./Core/Src/freertos.o
                0x080008ac                StartTask02
 .text.MX_GPIO_Init
                0x08000904       0xc0 ./Core/Src/gpio.o
                0x08000904                MX_GPIO_Init
 .text.main     0x080009c4       0x48 ./Core/Src/main.o
                0x080009c4                main
 .text.SystemClock_Config
                0x08000a0c       0xe0 ./Core/Src/main.o
                0x08000a0c                SystemClock_Config
 .text.HAL_TIM_PeriodElapsedCallback
                0x08000aec       0x50 ./Core/Src/main.o
                0x08000aec                HAL_TIM_PeriodElapsedCallback
 .text.Error_Handler
                0x08000b3c        0xc ./Core/Src/main.o
                0x08000b3c                Error_Handler
 .text.HAL_MspInit
                0x08000b48       0x58 ./Core/Src/stm32f4xx_hal_msp.o
                0x08000b48                HAL_MspInit
 .text.NMI_Handler
                0x08000ba0        0x8 ./Core/Src/stm32f4xx_it.o
                0x08000ba0                NMI_Handler
 .text.HardFault_Handler
                0x08000ba8        0x8 ./Core/Src/stm32f4xx_it.o
                0x08000ba8                HardFault_Handler
 .text.MemManage_Handler
                0x08000bb0        0x8 ./Core/Src/stm32f4xx_it.o
                0x08000bb0                MemManage_Handler
 .text.BusFault_Handler
                0x08000bb8        0x8 ./Core/Src/stm32f4xx_it.o
                0x08000bb8                BusFault_Handler
 .text.UsageFault_Handler
                0x08000bc0        0x8 ./Core/Src/stm32f4xx_it.o
                0x08000bc0                UsageFault_Handler
 .text.DebugMon_Handler
                0x08000bc8        0xe ./Core/Src/stm32f4xx_it.o
                0x08000bc8                DebugMon_Handler
 .text.SysTick_Handler
                0x08000bd6       0x1a ./Core/Src/stm32f4xx_it.o
                0x08000bd6                SysTick_Handler
 .text.DMA1_Stream4_IRQHandler
                0x08000bf0       0x14 ./Core/Src/stm32f4xx_it.o
                0x08000bf0                DMA1_Stream4_IRQHandler
 .text.TIM2_IRQHandler
                0x08000c04       0x14 ./Core/Src/stm32f4xx_it.o
                0x08000c04                TIM2_IRQHandler
 .text.UART4_IRQHandler
                0x08000c18       0x14 ./Core/Src/stm32f4xx_it.o
                0x08000c18                UART4_IRQHandler
 .text.DMA2_Stream0_IRQHandler
                0x08000c2c       0x14 ./Core/Src/stm32f4xx_it.o
                0x08000c2c                DMA2_Stream0_IRQHandler
 .text._sbrk    0x08000c40       0x6c ./Core/Src/sysmem.o
                0x08000c40                _sbrk
 .text.SystemInit
                0x08000cac       0x24 ./Core/Src/system_stm32f4xx.o
                0x08000cac                SystemInit
 .text.MX_TIM2_Init
                0x08000cd0       0x9c ./Core/Src/tim.o
                0x08000cd0                MX_TIM2_Init
 .text.HAL_TIM_Base_MspInit
                0x08000d6c       0x4c ./Core/Src/tim.o
                0x08000d6c                HAL_TIM_Base_MspInit
 .text.MX_UART4_Init
                0x08000db8       0x54 ./Core/Src/usart.o
                0x08000db8                MX_UART4_Init
 .text.HAL_UART_MspInit
                0x08000e0c      0x104 ./Core/Src/usart.o
                0x08000e0c                HAL_UART_MspInit
 .text.Reset_Handler
                0x08000f10       0x50 ./Core/Startup/startup_stm32f439zitx.o
                0x08000f10                Reset_Handler
 .text.Default_Handler
                0x08000f60        0x2 ./Core/Startup/startup_stm32f439zitx.o
                0x08000f60                RTC_Alarm_IRQHandler
                0x08000f60                HASH_RNG_IRQHandler
                0x08000f60                EXTI2_IRQHandler
                0x08000f60                TIM8_CC_IRQHandler
                0x08000f60                UART8_IRQHandler
                0x08000f60                SPI4_IRQHandler
                0x08000f60                TIM1_CC_IRQHandler
                0x08000f60                DMA2_Stream5_IRQHandler
                0x08000f60                DMA1_Stream5_IRQHandler
                0x08000f60                PVD_IRQHandler
                0x08000f60                SDIO_IRQHandler
                0x08000f60                TAMP_STAMP_IRQHandler
                0x08000f60                CAN2_RX1_IRQHandler
                0x08000f60                EXTI3_IRQHandler
                0x08000f60                TIM8_TRG_COM_TIM14_IRQHandler
                0x08000f60                TIM1_UP_TIM10_IRQHandler
                0x08000f60                TIM8_UP_TIM13_IRQHandler
                0x08000f60                I2C3_ER_IRQHandler
                0x08000f60                EXTI0_IRQHandler
                0x08000f60                I2C2_EV_IRQHandler
                0x08000f60                DMA1_Stream2_IRQHandler
                0x08000f60                CAN1_RX0_IRQHandler
                0x08000f60                FPU_IRQHandler
                0x08000f60                OTG_HS_WKUP_IRQHandler
                0x08000f60                LTDC_ER_IRQHandler
                0x08000f60                CAN2_SCE_IRQHandler
                0x08000f60                DMA2_Stream2_IRQHandler
                0x08000f60                SPI1_IRQHandler
                0x08000f60                TIM6_DAC_IRQHandler
                0x08000f60                TIM1_BRK_TIM9_IRQHandler
                0x08000f60                DCMI_IRQHandler
                0x08000f60                CAN2_RX0_IRQHandler
                0x08000f60                DMA2_Stream3_IRQHandler
                0x08000f60                USART6_IRQHandler
                0x08000f60                USART3_IRQHandler
                0x08000f60                CRYP_IRQHandler
                0x08000f60                CAN1_RX1_IRQHandler
                0x08000f60                UART5_IRQHandler
                0x08000f60                TIM4_IRQHandler
                0x08000f60                I2C1_EV_IRQHandler
                0x08000f60                DMA1_Stream6_IRQHandler
                0x08000f60                DMA1_Stream1_IRQHandler
                0x08000f60                TIM3_IRQHandler
                0x08000f60                RCC_IRQHandler
                0x08000f60                TIM8_BRK_TIM12_IRQHandler
                0x08000f60                Default_Handler
                0x08000f60                EXTI15_10_IRQHandler
                0x08000f60                ADC_IRQHandler
                0x08000f60                DMA1_Stream7_IRQHandler
                0x08000f60                SPI5_IRQHandler
                0x08000f60                TIM7_IRQHandler
                0x08000f60                CAN2_TX_IRQHandler
                0x08000f60                TIM5_IRQHandler
                0x08000f60                DMA2_Stream7_IRQHandler
                0x08000f60                I2C3_EV_IRQHandler
                0x08000f60                EXTI9_5_IRQHandler
                0x08000f60                RTC_WKUP_IRQHandler
                0x08000f60                LTDC_IRQHandler
                0x08000f60                ETH_WKUP_IRQHandler
                0x08000f60                SPI2_IRQHandler
                0x08000f60                OTG_HS_EP1_IN_IRQHandler
                0x08000f60                DMA1_Stream0_IRQHandler
                0x08000f60                CAN1_TX_IRQHandler
                0x08000f60                EXTI4_IRQHandler
                0x08000f60                ETH_IRQHandler
                0x08000f60                OTG_HS_EP1_OUT_IRQHandler
                0x08000f60                WWDG_IRQHandler
                0x08000f60                SPI6_IRQHandler
                0x08000f60                OTG_FS_WKUP_IRQHandler
                0x08000f60                TIM1_TRG_COM_TIM11_IRQHandler
                0x08000f60                OTG_HS_IRQHandler
                0x08000f60                DMA2D_IRQHandler
                0x08000f60                EXTI1_IRQHandler
                0x08000f60                UART7_IRQHandler
                0x08000f60                USART2_IRQHandler
                0x08000f60                I2C2_ER_IRQHandler
                0x08000f60                DMA2_Stream1_IRQHandler
                0x08000f60                CAN1_SCE_IRQHandler
                0x08000f60                FLASH_IRQHandler
                0x08000f60                DMA2_Stream4_IRQHandler
                0x08000f60                USART1_IRQHandler
                0x08000f60                OTG_FS_IRQHandler
                0x08000f60                SPI3_IRQHandler
                0x08000f60                I2C1_ER_IRQHandler
                0x08000f60                FMC_IRQHandler
                0x08000f60                DMA2_Stream6_IRQHandler
                0x08000f60                SAI1_IRQHandler
                0x08000f60                DMA1_Stream3_IRQHandler
 *fill*         0x08000f62        0x2 
 .text.HAL_Init
                0x08000f64       0x44 ./Drivers/STM32F4xx_HAL_Driver/stm32f4xx_hal.o
                0x08000f64                HAL_Init
 .text.HAL_InitTick
                0x08000fa8       0x60 ./Drivers/STM32F4xx_HAL_Driver/stm32f4xx_hal.o
                0x08000fa8                HAL_InitTick
 .text.HAL_IncTick
                0x08001008       0x28 ./Drivers/STM32F4xx_HAL_Driver/stm32f4xx_hal.o
                0x08001008                HAL_IncTick
 .text.HAL_GetTick
                0x08001030       0x18 ./Drivers/STM32F4xx_HAL_Driver/stm32f4xx_hal.o
                0x08001030                HAL_GetTick
 .text.HAL_ADC_Init
                0x08001048       0x86 ./Drivers/STM32F4xx_HAL_Driver/stm32f4xx_hal_adc.o
                0x08001048                HAL_ADC_Init
 *fill*         0x080010ce        0x2 
 .text.HAL_ADC_Start_DMA
                0x080010d0      0x228 ./Drivers/STM32F4xx_HAL_Driver/stm32f4xx_hal_adc.o
                0x080010d0                HAL_ADC_Start_DMA
 .text.HAL_ADC_ConvCpltCallback
                0x080012f8       0x14 ./Drivers/STM32F4xx_HAL_Driver/stm32f4xx_hal_adc.o
                0x080012f8                HAL_ADC_ConvCpltCallback
 .text.HAL_ADC_ConvHalfCpltCallback
                0x0800130c       0x14 ./Drivers/STM32F4xx_HAL_Driver/stm32f4xx_hal_adc.o
                0x0800130c                HAL_ADC_ConvHalfCpltCallback
 .text.HAL_ADC_ErrorCallback
                0x08001320       0x14 ./Drivers/STM32F4xx_HAL_Driver/stm32f4xx_hal_adc.o
                0x08001320                HAL_ADC_ErrorCallback
 .text.HAL_ADC_ConfigChannel
                0x08001334      0x264 ./Drivers/STM32F4xx_HAL_Driver/stm32f4xx_hal_adc.o
                0x08001334                HAL_ADC_ConfigChannel
 .text.ADC_Init
                0x08001598      0x1f8 ./Drivers/STM32F4xx_HAL_Driver/stm32f4xx_hal_adc.o
 .text.ADC_DMAConvCplt
                0x08001790       0xba ./Drivers/STM32F4xx_HAL_Driver/stm32f4xx_hal_adc.o
 .text.ADC_DMAHalfConvCplt
                0x0800184a       0x1c ./Drivers/STM32F4xx_HAL_Driver/stm32f4xx_hal_adc.o
 .text.ADC_DMAError
                0x08001866       0x2e ./Drivers/STM32F4xx_HAL_Driver/stm32f4xx_hal_adc.o
 .text.__NVIC_SetPriorityGrouping
                0x08001894       0x48 ./Drivers/STM32F4xx_HAL_Driver/stm32f4xx_hal_cortex.o
 .text.__NVIC_GetPriorityGrouping
                0x080018dc       0x1c ./Drivers/STM32F4xx_HAL_Driver/stm32f4xx_hal_cortex.o
 .text.__NVIC_EnableIRQ
                0x080018f8       0x3c ./Drivers/STM32F4xx_HAL_Driver/stm32f4xx_hal_cortex.o
 .text.__NVIC_SetPriority
                0x08001934       0x54 ./Drivers/STM32F4xx_HAL_Driver/stm32f4xx_hal_cortex.o
 .text.NVIC_EncodePriority
                0x08001988       0x66 ./Drivers/STM32F4xx_HAL_Driver/stm32f4xx_hal_cortex.o
 *fill*         0x080019ee        0x2 
 .text.SysTick_Config
                0x080019f0       0x44 ./Drivers/STM32F4xx_HAL_Driver/stm32f4xx_hal_cortex.o
 .text.HAL_NVIC_SetPriorityGrouping
                0x08001a34       0x16 ./Drivers/STM32F4xx_HAL_Driver/stm32f4xx_hal_cortex.o
                0x08001a34                HAL_NVIC_SetPriorityGrouping
 .text.HAL_NVIC_SetPriority
                0x08001a4a       0x38 ./Drivers/STM32F4xx_HAL_Driver/stm32f4xx_hal_cortex.o
                0x08001a4a                HAL_NVIC_SetPriority
 .text.HAL_NVIC_EnableIRQ
                0x08001a82       0x1c ./Drivers/STM32F4xx_HAL_Driver/stm32f4xx_hal_cortex.o
                0x08001a82                HAL_NVIC_EnableIRQ
 .text.HAL_SYSTICK_Config
                0x08001a9e       0x18 ./Drivers/STM32F4xx_HAL_Driver/stm32f4xx_hal_cortex.o
                0x08001a9e                HAL_SYSTICK_Config
 *fill*         0x08001ab6        0x2 
 .text.HAL_DMA_Init
                0x08001ab8      0x15c ./Drivers/STM32F4xx_HAL_Driver/stm32f4xx_hal_dma.o
                0x08001ab8                HAL_DMA_Init
 .text.HAL_DMA_Start_IT
                0x08001c14       0xb0 ./Drivers/STM32F4xx_HAL_Driver/stm32f4xx_hal_dma.o
                0x08001c14                HAL_DMA_Start_IT
 .text.HAL_DMA_Abort
                0x08001cc4       0xe0 ./Drivers/STM32F4xx_HAL_Driver/stm32f4xx_hal_dma.o
                0x08001cc4                HAL_DMA_Abort
 .text.HAL_DMA_Abort_IT
                0x08001da4       0x44 ./Drivers/STM32F4xx_HAL_Driver/stm32f4xx_hal_dma.o
                0x08001da4                HAL_DMA_Abort_IT
 .text.HAL_DMA_IRQHandler
                0x08001de8      0x314 ./Drivers/STM32F4xx_HAL_Driver/stm32f4xx_hal_dma.o
                0x08001de8                HAL_DMA_IRQHandler
 .text.DMA_SetConfig
                0x080020fc       0x5c ./Drivers/STM32F4xx_HAL_Driver/stm32f4xx_hal_dma.o
 .text.DMA_CalcBaseAndBitshift
                0x08002158       0x6c ./Drivers/STM32F4xx_HAL_Driver/stm32f4xx_hal_dma.o
 .text.DMA_CheckFifoParam
                0x080021c4       0xf8 ./Drivers/STM32F4xx_HAL_Driver/stm32f4xx_hal_dma.o
 .text.HAL_GPIO_Init
                0x080022bc      0x358 ./Drivers/STM32F4xx_HAL_Driver/stm32f4xx_hal_gpio.o
                0x080022bc                HAL_GPIO_Init
 .text.HAL_GPIO_WritePin
                0x08002614       0x32 ./Drivers/STM32F4xx_HAL_Driver/stm32f4xx_hal_gpio.o
                0x08002614                HAL_GPIO_WritePin
 .text.HAL_GPIO_TogglePin
                0x08002646       0x34 ./Drivers/STM32F4xx_HAL_Driver/stm32f4xx_hal_gpio.o
                0x08002646                HAL_GPIO_TogglePin
 *fill*         0x0800267a        0x2 
 .text.HAL_PWREx_EnableOverDrive
                0x0800267c       0xa0 ./Drivers/STM32F4xx_HAL_Driver/stm32f4xx_hal_pwr_ex.o
                0x0800267c                HAL_PWREx_EnableOverDrive
 .text.HAL_RCC_OscConfig
                0x0800271c      0x4f0 ./Drivers/STM32F4xx_HAL_Driver/stm32f4xx_hal_rcc.o
                0x0800271c                HAL_RCC_OscConfig
 .text.HAL_RCC_ClockConfig
                0x08002c0c      0x1cc ./Drivers/STM32F4xx_HAL_Driver/stm32f4xx_hal_rcc.o
                0x08002c0c                HAL_RCC_ClockConfig
 .text.HAL_RCC_GetSysClockFreq
                0x08002dd8      0x18c ./Drivers/STM32F4xx_HAL_Driver/stm32f4xx_hal_rcc.o
                0x08002dd8                HAL_RCC_GetSysClockFreq
 .text.HAL_RCC_GetHCLKFreq
                0x08002f64       0x18 ./Drivers/STM32F4xx_HAL_Driver/stm32f4xx_hal_rcc.o
                0x08002f64                HAL_RCC_GetHCLKFreq
 .text.HAL_RCC_GetPCLK1Freq
                0x08002f7c       0x28 ./Drivers/STM32F4xx_HAL_Driver/stm32f4xx_hal_rcc.o
                0x08002f7c                HAL_RCC_GetPCLK1Freq
 .text.HAL_RCC_GetPCLK2Freq
                0x08002fa4       0x28 ./Drivers/STM32F4xx_HAL_Driver/stm32f4xx_hal_rcc.o
                0x08002fa4                HAL_RCC_GetPCLK2Freq
 .text.HAL_TIM_Base_Init
                0x08002fcc       0x9e ./Drivers/STM32F4xx_HAL_Driver/stm32f4xx_hal_tim.o
                0x08002fcc                HAL_TIM_Base_Init
 *fill*         0x0800306a        0x2 
 .text.HAL_TIM_Base_Start_IT
                0x0800306c       0xe0 ./Drivers/STM32F4xx_HAL_Driver/stm32f4xx_hal_tim.o
                0x0800306c                HAL_TIM_Base_Start_IT
 .text.HAL_TIM_Base_Stop_IT
                0x0800314c       0x5e ./Drivers/STM32F4xx_HAL_Driver/stm32f4xx_hal_tim.o
                0x0800314c                HAL_TIM_Base_Stop_IT
 .text.HAL_TIM_IRQHandler
                0x080031aa      0x1e0 ./Drivers/STM32F4xx_HAL_Driver/stm32f4xx_hal_tim.o
                0x080031aa                HAL_TIM_IRQHandler
 .text.HAL_TIM_ConfigClockSource
                0x0800338a      0x18e ./Drivers/STM32F4xx_HAL_Driver/stm32f4xx_hal_tim.o
                0x0800338a                HAL_TIM_ConfigClockSource
 .text.HAL_TIM_OC_DelayElapsedCallback
                0x08003518       0x14 ./Drivers/STM32F4xx_HAL_Driver/stm32f4xx_hal_tim.o
                0x08003518                HAL_TIM_OC_DelayElapsedCallback
 .text.HAL_TIM_IC_CaptureCallback
                0x0800352c       0x14 ./Drivers/STM32F4xx_HAL_Driver/stm32f4xx_hal_tim.o
                0x0800352c                HAL_TIM_IC_CaptureCallback
 .text.HAL_TIM_PWM_PulseFinishedCallback
                0x08003540       0x14 ./Drivers/STM32F4xx_HAL_Driver/stm32f4xx_hal_tim.o
                0x08003540                HAL_TIM_PWM_PulseFinishedCallback
 .text.HAL_TIM_TriggerCallback
                0x08003554       0x14 ./Drivers/STM32F4xx_HAL_Driver/stm32f4xx_hal_tim.o
                0x08003554                HAL_TIM_TriggerCallback
 .text.TIM_Base_SetConfig
                0x08003568      0x14c ./Drivers/STM32F4xx_HAL_Driver/stm32f4xx_hal_tim.o
                0x08003568                TIM_Base_SetConfig
 .text.TIM_TI1_ConfigInputStage
                0x080036b4       0x5e ./Drivers/STM32F4xx_HAL_Driver/stm32f4xx_hal_tim.o
 .text.TIM_TI2_ConfigInputStage
                0x08003712       0x60 ./Drivers/STM32F4xx_HAL_Driver/stm32f4xx_hal_tim.o
 .text.TIM_ITRx_SetConfig
                0x08003772       0x36 ./Drivers/STM32F4xx_HAL_Driver/stm32f4xx_hal_tim.o
 .text.TIM_ETR_SetConfig
                0x080037a8       0x40 ./Drivers/STM32F4xx_HAL_Driver/stm32f4xx_hal_tim.o
                0x080037a8                TIM_ETR_SetConfig
 .text.HAL_TIMEx_MasterConfigSynchronization
                0x080037e8       0xf8 ./Drivers/STM32F4xx_HAL_Driver/stm32f4xx_hal_tim_ex.o
                0x080037e8                HAL_TIMEx_MasterConfigSynchronization
 .text.HAL_TIMEx_CommutCallback
                0x080038e0       0x14 ./Drivers/STM32F4xx_HAL_Driver/stm32f4xx_hal_tim_ex.o
                0x080038e0                HAL_TIMEx_CommutCallback
 .text.HAL_TIMEx_BreakCallback
                0x080038f4       0x14 ./Drivers/STM32F4xx_HAL_Driver/stm32f4xx_hal_tim_ex.o
                0x080038f4                HAL_TIMEx_BreakCallback
 .text.HAL_UART_Init
                0x08003908       0xa0 ./Drivers/STM32F4xx_HAL_Driver/stm32f4xx_hal_uart.o
                0x08003908                HAL_UART_Init
 .text.HAL_UART_Transmit_DMA
                0x080039a8       0xf8 ./Drivers/STM32F4xx_HAL_Driver/stm32f4xx_hal_uart.o
                0x080039a8                HAL_UART_Transmit_DMA
 .text.HAL_UART_IRQHandler
                0x08003aa0      0x554 ./Drivers/STM32F4xx_HAL_Driver/stm32f4xx_hal_uart.o
                0x08003aa0                HAL_UART_IRQHandler
 .text.HAL_UART_TxCpltCallback
                0x08003ff4       0x14 ./Drivers/STM32F4xx_HAL_Driver/stm32f4xx_hal_uart.o
                0x08003ff4                HAL_UART_TxCpltCallback
 .text.HAL_UART_TxHalfCpltCallback
                0x08004008       0x14 ./Drivers/STM32F4xx_HAL_Driver/stm32f4xx_hal_uart.o
                0x08004008                HAL_UART_TxHalfCpltCallback
 .text.HAL_UART_RxCpltCallback
                0x0800401c       0x14 ./Drivers/STM32F4xx_HAL_Driver/stm32f4xx_hal_uart.o
                0x0800401c                HAL_UART_RxCpltCallback
 .text.HAL_UART_ErrorCallback
                0x08004030       0x14 ./Drivers/STM32F4xx_HAL_Driver/stm32f4xx_hal_uart.o
                0x08004030                HAL_UART_ErrorCallback
 .text.HAL_UARTEx_RxEventCallback
                0x08004044       0x18 ./Drivers/STM32F4xx_HAL_Driver/stm32f4xx_hal_uart.o
                0x08004044                HAL_UARTEx_RxEventCallback
 .text.UART_DMATransmitCplt
                0x0800405c       0x9a ./Drivers/STM32F4xx_HAL_Driver/stm32f4xx_hal_uart.o
 .text.UART_DMATxHalfCplt
                0x080040f6       0x1c ./Drivers/STM32F4xx_HAL_Driver/stm32f4xx_hal_uart.o
 .text.UART_DMAError
                0x08004112       0x94 ./Drivers/STM32F4xx_HAL_Driver/stm32f4xx_hal_uart.o
 .text.UART_EndTxTransfer
                0x080041a6       0x50 ./Drivers/STM32F4xx_HAL_Driver/stm32f4xx_hal_uart.o
 .text.UART_EndRxTransfer
                0x080041f6       0xc6 ./Drivers/STM32F4xx_HAL_Driver/stm32f4xx_hal_uart.o
 .text.UART_DMAAbortOnError
                0x080042bc       0x22 ./Drivers/STM32F4xx_HAL_Driver/stm32f4xx_hal_uart.o
 .text.UART_Transmit_IT
                0x080042de       0xa0 ./Drivers/STM32F4xx_HAL_Driver/stm32f4xx_hal_uart.o
 .text.UART_EndTransmit_IT
                0x0800437e       0x30 ./Drivers/STM32F4xx_HAL_Driver/stm32f4xx_hal_uart.o
 .text.UART_Receive_IT
                0x080043ae      0x17c ./Drivers/STM32F4xx_HAL_Driver/stm32f4xx_hal_uart.o
 *fill*         0x0800452a        0x2 
 .text.UART_SetConfig
                0x0800452c      0x4e8 ./Drivers/STM32F4xx_HAL_Driver/stm32f4xx_hal_uart.o
 .text.makeFreeRtosPriority
                0x08004a14       0x30 ./Middlewares/FreeRTOS/cmsis_os.o
 .text.osKernelStart
                0x08004a44        0xe ./Middlewares/FreeRTOS/cmsis_os.o
                0x08004a44                osKernelStart
 .text.osThreadCreate
                0x08004a52       0x98 ./Middlewares/FreeRTOS/cmsis_os.o
                0x08004a52                osThreadCreate
 .text.osDelay  0x08004aea       0x28 ./Middlewares/FreeRTOS/cmsis_os.o
                0x08004aea                osDelay
 *fill*         0x08004b12        0x2 
 .text.pvPortMalloc
                0x08004b14      0x19c ./Middlewares/FreeRTOS/heap_4.o
                0x08004b14                pvPortMalloc
 .text.vPortFree
                0x08004cb0       0xc8 ./Middlewares/FreeRTOS/heap_4.o
                0x08004cb0                vPortFree
 .text.prvHeapInit
                0x08004d78       0xc4 ./Middlewares/FreeRTOS/heap_4.o
 .text.prvInsertBlockIntoFreeList
                0x08004e3c       0xb4 ./Middlewares/FreeRTOS/heap_4.o
 .text.vListInitialise
                0x08004ef0       0x40 ./Middlewares/FreeRTOS/list.o
                0x08004ef0                vListInitialise
 .text.vListInitialiseItem
                0x08004f30       0x1a ./Middlewares/FreeRTOS/list.o
                0x08004f30                vListInitialiseItem
 .text.vListInsertEnd
                0x08004f4a       0x48 ./Middlewares/FreeRTOS/list.o
                0x08004f4a                vListInsertEnd
 .text.vListInsert
                0x08004f92       0x72 ./Middlewares/FreeRTOS/list.o
                0x08004f92                vListInsert
 .text.uxListRemove
                0x08005004       0x54 ./Middlewares/FreeRTOS/list.o
                0x08005004                uxListRemove
 .text.pxPortInitialiseStack
                0x08005058       0x68 ./Middlewares/FreeRTOS/port.o
                0x08005058                pxPortInitialiseStack
 .text.prvTaskExitError
                0x080050c0       0x5c ./Middlewares/FreeRTOS/port.o
 *fill*         0x0800511c        0x4 
 .text.SVC_Handler
                0x08005120       0x28 ./Middlewares/FreeRTOS/port.o
                0x08005120                SVC_Handler
 .text.prvPortStartFirstTask
                0x08005148       0x28 ./Middlewares/FreeRTOS/port.o
 .text.xPortStartScheduler
                0x08005170      0x148 ./Middlewares/FreeRTOS/port.o
                0x08005170                xPortStartScheduler
 .text.vPortEnterCritical
                0x080052b8       0x64 ./Middlewares/FreeRTOS/port.o
                0x080052b8                vPortEnterCritical
 .text.vPortExitCritical
                0x0800531c       0x54 ./Middlewares/FreeRTOS/port.o
                0x0800531c                vPortExitCritical
 .text.PendSV_Handler
                0x08005370       0x68 ./Middlewares/FreeRTOS/port.o
                0x08005370                PendSV_Handler
 .text.xPortSysTickHandler
                0x080053d8       0x44 ./Middlewares/FreeRTOS/port.o
                0x080053d8                xPortSysTickHandler
 .text.vPortSetupTimerInterrupt
                0x0800541c       0x48 ./Middlewares/FreeRTOS/port.o
                0x0800541c                vPortSetupTimerInterrupt
 .text.vPortEnableVFP
                0x08005464       0x14 ./Middlewares/FreeRTOS/port.o
 .text.xTaskCreateStatic
                0x08005478       0xc0 ./Middlewares/FreeRTOS/tasks.o
                0x08005478                xTaskCreateStatic
 .text.xTaskCreate
                0x08005538       0x8a ./Middlewares/FreeRTOS/tasks.o
                0x08005538                xTaskCreate
 .text.prvInitialiseNewTask
                0x080055c2      0x110 ./Middlewares/FreeRTOS/tasks.o
 *fill*         0x080056d2        0x2 
 .text.prvAddNewTaskToReadyList
                0x080056d4       0xd4 ./Middlewares/FreeRTOS/tasks.o
 .text.vTaskDelay
                0x080057a8       0x6c ./Middlewares/FreeRTOS/tasks.o
                0x080057a8                vTaskDelay
 .text.vTaskStartScheduler
                0x08005814       0xc4 ./Middlewares/FreeRTOS/tasks.o
                0x08005814                vTaskStartScheduler
 .text.vTaskSuspendAll
                0x080058d8       0x1c ./Middlewares/FreeRTOS/tasks.o
                0x080058d8                vTaskSuspendAll
 .text.xTaskResumeAll
                0x080058f4      0x13c ./Middlewares/FreeRTOS/tasks.o
                0x080058f4                xTaskResumeAll
 .text.xTaskIncrementTick
                0x08005a30      0x174 ./Middlewares/FreeRTOS/tasks.o
                0x08005a30                xTaskIncrementTick
 .text.vTaskSwitchContext
                0x08005ba4       0xb8 ./Middlewares/FreeRTOS/tasks.o
                0x08005ba4                vTaskSwitchContext
 .text.prvIdleTask
                0x08005c5c       0x30 ./Middlewares/FreeRTOS/tasks.o
 .text.prvInitialiseTaskLists
                0x08005c8c       0x80 ./Middlewares/FreeRTOS/tasks.o
 .text.prvCheckTasksWaitingTermination
                0x08005d0c       0x5c ./Middlewares/FreeRTOS/tasks.o
 .text.prvDeleteTCB
                0x08005d68       0x60 ./Middlewares/FreeRTOS/tasks.o
 .text.prvResetNextTaskUnblockTime
                0x08005dc8       0x40 ./Middlewares/FreeRTOS/tasks.o
 .text.xTaskGetSchedulerState
                0x08005e08       0x3c ./Middlewares/FreeRTOS/tasks.o
                0x08005e08                xTaskGetSchedulerState
 .text.prvAddCurrentTaskToDelayedList
                0x08005e44       0xcc ./Middlewares/FreeRTOS/tasks.o
 .text.sprintf  0x08005f10       0x44 C:/ST/STM32CubeIDE_1.18.0/STM32CubeIDE/plugins/com.st.stm32cube.ide.mcu.externaltools.gnu-tools-for-stm32.13.3.rel1.win32_1.0.0.202411081344/tools/bin/../lib/gcc/arm-none-eabi/13.3.1/../../../../arm-none-eabi/lib/thumb/v7e-m+fp/hard\libc_nano.a(libc_a-sprintf.o)
                0x08005f10                siprintf
                0x08005f10                sprintf
 .text.memset   0x08005f54       0x10 C:/ST/STM32CubeIDE_1.18.0/STM32CubeIDE/plugins/com.st.stm32cube.ide.mcu.externaltools.gnu-tools-for-stm32.13.3.rel1.win32_1.0.0.202411081344/tools/bin/../lib/gcc/arm-none-eabi/13.3.1/../../../../arm-none-eabi/lib/thumb/v7e-m+fp/hard\libc_nano.a(libc_a-memset.o)
                0x08005f54                memset
 .text.__errno  0x08005f64        0xc C:/ST/STM32CubeIDE_1.18.0/STM32CubeIDE/plugins/com.st.stm32cube.ide.mcu.externaltools.gnu-tools-for-stm32.13.3.rel1.win32_1.0.0.202411081344/tools/bin/../lib/gcc/arm-none-eabi/13.3.1/../../../../arm-none-eabi/lib/thumb/v7e-m+fp/hard\libc_nano.a(libc_a-errno.o)
                0x08005f64                __errno
 .text.__libc_init_array
                0x08005f70       0x48 C:/ST/STM32CubeIDE_1.18.0/STM32CubeIDE/plugins/com.st.stm32cube.ide.mcu.externaltools.gnu-tools-for-stm32.13.3.rel1.win32_1.0.0.202411081344/tools/bin/../lib/gcc/arm-none-eabi/13.3.1/../../../../arm-none-eabi/lib/thumb/v7e-m+fp/hard\libc_nano.a(libc_a-init.o)
                0x08005f70                __libc_init_array
 .text.__retarget_lock_acquire_recursive
                0x08005fb8        0x2 C:/ST/STM32CubeIDE_1.18.0/STM32CubeIDE/plugins/com.st.stm32cube.ide.mcu.externaltools.gnu-tools-for-stm32.13.3.rel1.win32_1.0.0.202411081344/tools/bin/../lib/gcc/arm-none-eabi/13.3.1/../../../../arm-none-eabi/lib/thumb/v7e-m+fp/hard\libc_nano.a(libc_a-lock.o)
                0x08005fb8                __retarget_lock_acquire_recursive
 .text.__retarget_lock_release_recursive
                0x08005fba        0x2 C:/ST/STM32CubeIDE_1.18.0/STM32CubeIDE/plugins/com.st.stm32cube.ide.mcu.externaltools.gnu-tools-for-stm32.13.3.rel1.win32_1.0.0.202411081344/tools/bin/../lib/gcc/arm-none-eabi/13.3.1/../../../../arm-none-eabi/lib/thumb/v7e-m+fp/hard\libc_nano.a(libc_a-lock.o)
                0x08005fba                __retarget_lock_release_recursive
 .text.memcpy   0x08005fbc       0x1c C:/ST/STM32CubeIDE_1.18.0/STM32CubeIDE/plugins/com.st.stm32cube.ide.mcu.externaltools.gnu-tools-for-stm32.13.3.rel1.win32_1.0.0.202411081344/tools/bin/../lib/gcc/arm-none-eabi/13.3.1/../../../../arm-none-eabi/lib/thumb/v7e-m+fp/hard\libc_nano.a(libc_a-memcpy-stub.o)
                0x08005fbc                memcpy
 .text._free_r  0x08005fd8       0x94 C:/ST/STM32CubeIDE_1.18.0/STM32CubeIDE/plugins/com.st.stm32cube.ide.mcu.externaltools.gnu-tools-for-stm32.13.3.rel1.win32_1.0.0.202411081344/tools/bin/../lib/gcc/arm-none-eabi/13.3.1/../../../../arm-none-eabi/lib/thumb/v7e-m+fp/hard\libc_nano.a(libc_a-freer.o)
                0x08005fd8                _free_r
 .text.sbrk_aligned
                0x0800606c       0x44 C:/ST/STM32CubeIDE_1.18.0/STM32CubeIDE/plugins/com.st.stm32cube.ide.mcu.externaltools.gnu-tools-for-stm32.13.3.rel1.win32_1.0.0.202411081344/tools/bin/../lib/gcc/arm-none-eabi/13.3.1/../../../../arm-none-eabi/lib/thumb/v7e-m+fp/hard\libc_nano.a(libc_a-mallocr.o)
 .text._malloc_r
                0x080060b0      0x100 C:/ST/STM32CubeIDE_1.18.0/STM32CubeIDE/plugins/com.st.stm32cube.ide.mcu.externaltools.gnu-tools-for-stm32.13.3.rel1.win32_1.0.0.202411081344/tools/bin/../lib/gcc/arm-none-eabi/13.3.1/../../../../arm-none-eabi/lib/thumb/v7e-m+fp/hard\libc_nano.a(libc_a-mallocr.o)
                0x080060b0                _malloc_r
 .text.__malloc_lock
                0x080061b0        0xc C:/ST/STM32CubeIDE_1.18.0/STM32CubeIDE/plugins/com.st.stm32cube.ide.mcu.externaltools.gnu-tools-for-stm32.13.3.rel1.win32_1.0.0.202411081344/tools/bin/../lib/gcc/arm-none-eabi/13.3.1/../../../../arm-none-eabi/lib/thumb/v7e-m+fp/hard\libc_nano.a(libc_a-mlock.o)
                0x080061b0                __malloc_lock
 .text.__malloc_unlock
                0x080061bc        0xc C:/ST/STM32CubeIDE_1.18.0/STM32CubeIDE/plugins/com.st.stm32cube.ide.mcu.externaltools.gnu-tools-for-stm32.13.3.rel1.win32_1.0.0.202411081344/tools/bin/../lib/gcc/arm-none-eabi/13.3.1/../../../../arm-none-eabi/lib/thumb/v7e-m+fp/hard\libc_nano.a(libc_a-mlock.o)
                0x080061bc                __malloc_unlock
 .text.__ssputs_r
                0x080061c8       0xb6 C:/ST/STM32CubeIDE_1.18.0/STM32CubeIDE/plugins/com.st.stm32cube.ide.mcu.externaltools.gnu-tools-for-stm32.13.3.rel1.win32_1.0.0.202411081344/tools/bin/../lib/gcc/arm-none-eabi/13.3.1/../../../../arm-none-eabi/lib/thumb/v7e-m+fp/hard\libc_nano.a(libc_a-nano-svfprintf.o)
                0x080061c8                __ssputs_r
 *fill*         0x0800627e        0x2 
 .text._svfprintf_r
                0x08006280      0x1f8 C:/ST/STM32CubeIDE_1.18.0/STM32CubeIDE/plugins/com.st.stm32cube.ide.mcu.externaltools.gnu-tools-for-stm32.13.3.rel1.win32_1.0.0.202411081344/tools/bin/../lib/gcc/arm-none-eabi/13.3.1/../../../../arm-none-eabi/lib/thumb/v7e-m+fp/hard\libc_nano.a(libc_a-nano-svfprintf.o)
                0x08006280                _svfiprintf_r
                0x08006280                _svfprintf_r
 .text._printf_common
                0x08006478       0xda C:/ST/STM32CubeIDE_1.18.0/STM32CubeIDE/plugins/com.st.stm32cube.ide.mcu.externaltools.gnu-tools-for-stm32.13.3.rel1.win32_1.0.0.202411081344/tools/bin/../lib/gcc/arm-none-eabi/13.3.1/../../../../arm-none-eabi/lib/thumb/v7e-m+fp/hard\libc_nano.a(libc_a-nano-vfprintf_i.o)
                0x08006478                _printf_common
 *fill*         0x08006552        0x2 
 .text._printf_i
                0x08006554      0x23c C:/ST/STM32CubeIDE_1.18.0/STM32CubeIDE/plugins/com.st.stm32cube.ide.mcu.externaltools.gnu-tools-for-stm32.13.3.rel1.win32_1.0.0.202411081344/tools/bin/../lib/gcc/arm-none-eabi/13.3.1/../../../../arm-none-eabi/lib/thumb/v7e-m+fp/hard\libc_nano.a(libc_a-nano-vfprintf_i.o)
                0x08006554                _printf_i
 .text.memmove  0x08006790       0x34 C:/ST/STM32CubeIDE_1.18.0/STM32CubeIDE/plugins/com.st.stm32cube.ide.mcu.externaltools.gnu-tools-for-stm32.13.3.rel1.win32_1.0.0.202411081344/tools/bin/../lib/gcc/arm-none-eabi/13.3.1/../../../../arm-none-eabi/lib/thumb/v7e-m+fp/hard\libc_nano.a(libc_a-memmove.o)
                0x08006790                memmove
 .text._sbrk_r  0x080067c4       0x20 C:/ST/STM32CubeIDE_1.18.0/STM32CubeIDE/plugins/com.st.stm32cube.ide.mcu.externaltools.gnu-tools-for-stm32.13.3.rel1.win32_1.0.0.202411081344/tools/bin/../lib/gcc/arm-none-eabi/13.3.1/../../../../arm-none-eabi/lib/thumb/v7e-m+fp/hard\libc_nano.a(libc_a-sbrkr.o)
                0x080067c4                _sbrk_r
 .text._realloc_r
                0x080067e4       0x5c C:/ST/STM32CubeIDE_1.18.0/STM32CubeIDE/plugins/com.st.stm32cube.ide.mcu.externaltools.gnu-tools-for-stm32.13.3.rel1.win32_1.0.0.202411081344/tools/bin/../lib/gcc/arm-none-eabi/13.3.1/../../../../arm-none-eabi/lib/thumb/v7e-m+fp/hard\libc_nano.a(libc_a-reallocr.o)
                0x080067e4                _realloc_r
 .text._malloc_usable_size_r
                0x08006840       0x10 C:/ST/STM32CubeIDE_1.18.0/STM32CubeIDE/plugins/com.st.stm32cube.ide.mcu.externaltools.gnu-tools-for-stm32.13.3.rel1.win32_1.0.0.202411081344/tools/bin/../lib/gcc/arm-none-eabi/13.3.1/../../../../arm-none-eabi/lib/thumb/v7e-m+fp/hard\libc_nano.a(libc_a-msizer.o)
                0x08006840                _malloc_usable_size_r
 *(.glue_7)
 .glue_7        0x08006850        0x0 linker stubs
 *(.glue_7t)
 .glue_7t       0x08006850        0x0 linker stubs
 *(.eh_frame)
 .eh_frame      0x08006850        0x0 C:/ST/STM32CubeIDE_1.18.0/STM32CubeIDE/plugins/com.st.stm32cube.ide.mcu.externaltools.gnu-tools-for-stm32.13.3.rel1.win32_1.0.0.202411081344/tools/bin/../lib/gcc/arm-none-eabi/13.3.1/thumb/v7e-m+fp/hard/crtbegin.o
 *(.init)
 .init          0x08006850        0x4 C:/ST/STM32CubeIDE_1.18.0/STM32CubeIDE/plugins/com.st.stm32cube.ide.mcu.externaltools.gnu-tools-for-stm32.13.3.rel1.win32_1.0.0.202411081344/tools/bin/../lib/gcc/arm-none-eabi/13.3.1/thumb/v7e-m+fp/hard/crti.o
                0x08006850                _init
 .init          0x08006854        0x8 C:/ST/STM32CubeIDE_1.18.0/STM32CubeIDE/plugins/com.st.stm32cube.ide.mcu.externaltools.gnu-tools-for-stm32.13.3.rel1.win32_1.0.0.202411081344/tools/bin/../lib/gcc/arm-none-eabi/13.3.1/thumb/v7e-m+fp/hard/crtn.o
 *(.fini)
 .fini          0x0800685c        0x4 C:/ST/STM32CubeIDE_1.18.0/STM32CubeIDE/plugins/com.st.stm32cube.ide.mcu.externaltools.gnu-tools-for-stm32.13.3.rel1.win32_1.0.0.202411081344/tools/bin/../lib/gcc/arm-none-eabi/13.3.1/thumb/v7e-m+fp/hard/crti.o
                0x0800685c                _fini
 .fini          0x08006860        0x8 C:/ST/STM32CubeIDE_1.18.0/STM32CubeIDE/plugins/com.st.stm32cube.ide.mcu.externaltools.gnu-tools-for-stm32.13.3.rel1.win32_1.0.0.202411081344/tools/bin/../lib/gcc/arm-none-eabi/13.3.1/thumb/v7e-m+fp/hard/crtn.o
                0x08006868                        . = ALIGN (0x4)
                0x08006868                        _etext = .

.vfp11_veneer   0x08006868        0x0
 .vfp11_veneer  0x08006868        0x0 linker stubs

.v4_bx          0x08006868        0x0
 .v4_bx         0x08006868        0x0 linker stubs

.iplt           0x08006868        0x0
 .iplt          0x08006868        0x0 C:/ST/STM32CubeIDE_1.18.0/STM32CubeIDE/plugins/com.st.stm32cube.ide.mcu.externaltools.gnu-tools-for-stm32.13.3.rel1.win32_1.0.0.202411081344/tools/bin/../lib/gcc/arm-none-eabi/13.3.1/thumb/v7e-m+fp/hard/crtbegin.o

.rodata         0x08006868       0xe4
                0x08006868                        . = ALIGN (0x4)
 *(.rodata)
 .rodata        0x08006868       0x88 ./Core/Src/freertos.o
 .rodata        0x080068f0        0x5 ./Middlewares/FreeRTOS/tasks.o
 *(.rodata*)
 *fill*         0x080068f5        0x3 
 .rodata.AHBPrescTable
                0x080068f8       0x10 ./Core/Src/system_stm32f4xx.o
                0x080068f8                AHBPrescTable
 .rodata.APBPrescTable
                0x08006908        0x8 ./Core/Src/system_stm32f4xx.o
                0x08006908                APBPrescTable
 .rodata.flagBitshiftOffset.0
                0x08006910        0x8 ./Drivers/STM32F4xx_HAL_Driver/stm32f4xx_hal_dma.o
 .rodata._svfprintf_r.str1.1
                0x08006918       0x33 C:/ST/STM32CubeIDE_1.18.0/STM32CubeIDE/plugins/com.st.stm32cube.ide.mcu.externaltools.gnu-tools-for-stm32.13.3.rel1.win32_1.0.0.202411081344/tools/bin/../lib/gcc/arm-none-eabi/13.3.1/../../../../arm-none-eabi/lib/thumb/v7e-m+fp/hard\libc_nano.a(libc_a-nano-svfprintf.o)
                                 0x11 (size before relaxing)
 .rodata._printf_i.str1.1
                0x0800694b       0x22 C:/ST/STM32CubeIDE_1.18.0/STM32CubeIDE/plugins/com.st.stm32cube.ide.mcu.externaltools.gnu-tools-for-stm32.13.3.rel1.win32_1.0.0.202411081344/tools/bin/../lib/gcc/arm-none-eabi/13.3.1/../../../../arm-none-eabi/lib/thumb/v7e-m+fp/hard\libc_nano.a(libc_a-nano-vfprintf_i.o)
                0x08006970                        . = ALIGN (0x4)
 *fill*         0x0800694b        0x1 

.ARM.extab      0x0800694c        0x0
                0x0800694c                        . = ALIGN (0x4)
 *(.ARM.extab* .gnu.linkonce.armextab.*)
                0x0800694c                        . = ALIGN (0x4)

.ARM            0x0800694c        0x8
                0x0800694c                        . = ALIGN (0x4)
                0x0800694c                        __exidx_start = .
 *(.ARM.exidx*)
 .ARM.exidx     0x0800694c        0x8 C:/ST/STM32CubeIDE_1.18.0/STM32CubeIDE/plugins/com.st.stm32cube.ide.mcu.externaltools.gnu-tools-for-stm32.13.3.rel1.win32_1.0.0.202411081344/tools/bin/../lib/gcc/arm-none-eabi/13.3.1/../../../../arm-none-eabi/lib/thumb/v7e-m+fp/hard\libc_nano.a(libc_a-memchr.o)
 .ARM.exidx     0x08006954        0x0 C:/ST/STM32CubeIDE_1.18.0/STM32CubeIDE/plugins/com.st.stm32cube.ide.mcu.externaltools.gnu-tools-for-stm32.13.3.rel1.win32_1.0.0.202411081344/tools/bin/../lib/gcc/arm-none-eabi/13.3.1/thumb/v7e-m+fp/hard\libgcc.a(_udivmoddi4.o)
                                  0x8 (size before relaxing)
                0x08006954                        __exidx_end = .
                0x08006954                        . = ALIGN (0x4)

.preinit_array  0x08006954        0x0
                0x08006954                        . = ALIGN (0x4)
                0x08006954                        PROVIDE (__preinit_array_start = .)
 *(.preinit_array*)
                0x08006954                        PROVIDE (__preinit_array_end = .)
                0x08006954                        . = ALIGN (0x4)

.init_array     0x08006954        0x4
                0x08006954                        . = ALIGN (0x4)
                0x08006954                        PROVIDE (__init_array_start = .)
 *(SORT_BY_NAME(.init_array.*))
 *(.init_array*)
 .init_array    0x08006954        0x4 C:/ST/STM32CubeIDE_1.18.0/STM32CubeIDE/plugins/com.st.stm32cube.ide.mcu.externaltools.gnu-tools-for-stm32.13.3.rel1.win32_1.0.0.202411081344/tools/bin/../lib/gcc/arm-none-eabi/13.3.1/thumb/v7e-m+fp/hard/crtbegin.o
                0x08006958                        PROVIDE (__init_array_end = .)
                0x08006958                        . = ALIGN (0x4)

.fini_array     0x08006958        0x4
                0x08006958                        . = ALIGN (0x4)
                [!provide]                        PROVIDE (__fini_array_start = .)
 *(SORT_BY_NAME(.fini_array.*))
 *(.fini_array*)
 .fini_array    0x08006958        0x4 C:/ST/STM32CubeIDE_1.18.0/STM32CubeIDE/plugins/com.st.stm32cube.ide.mcu.externaltools.gnu-tools-for-stm32.13.3.rel1.win32_1.0.0.202411081344/tools/bin/../lib/gcc/arm-none-eabi/13.3.1/thumb/v7e-m+fp/hard/crtbegin.o
                [!provide]                        PROVIDE (__fini_array_end = .)
                0x0800695c                        . = ALIGN (0x4)
                0x0800695c                        _sidata = LOADADDR (.data)

.rel.dyn        0x0800695c        0x0
 .rel.iplt      0x0800695c        0x0 C:/ST/STM32CubeIDE_1.18.0/STM32CubeIDE/plugins/com.st.stm32cube.ide.mcu.externaltools.gnu-tools-for-stm32.13.3.rel1.win32_1.0.0.202411081344/tools/bin/../lib/gcc/arm-none-eabi/13.3.1/thumb/v7e-m+fp/hard/crtbegin.o

.data           0x20000000       0x60 load address 0x0800695c
                0x20000000                        . = ALIGN (0x4)
                0x20000000                        _sdata = .
 *(.data)
 *(.data*)
 .data.SystemCoreClock
                0x20000000        0x4 ./Core/Src/system_stm32f4xx.o
                0x20000000                SystemCoreClock
 .data.uwTickPrio
                0x20000004        0x4 ./Drivers/STM32F4xx_HAL_Driver/stm32f4xx_hal.o
                0x20000004                uwTickPrio
 .data.uwTickFreq
                0x20000008        0x1 ./Drivers/STM32F4xx_HAL_Driver/stm32f4xx_hal.o
                0x20000008                uwTickFreq
 *fill*         0x20000009        0x3 
 .data.uxCriticalNesting
                0x2000000c        0x4 ./Middlewares/FreeRTOS/port.o
 .data._impure_ptr
                0x20000010        0x4 C:/ST/STM32CubeIDE_1.18.0/STM32CubeIDE/plugins/com.st.stm32cube.ide.mcu.externaltools.gnu-tools-for-stm32.13.3.rel1.win32_1.0.0.202411081344/tools/bin/../lib/gcc/arm-none-eabi/13.3.1/../../../../arm-none-eabi/lib/thumb/v7e-m+fp/hard\libc_nano.a(libc_a-impure.o)
                0x20000010                _impure_ptr
 .data._impure_data
                0x20000014       0x4c C:/ST/STM32CubeIDE_1.18.0/STM32CubeIDE/plugins/com.st.stm32cube.ide.mcu.externaltools.gnu-tools-for-stm32.13.3.rel1.win32_1.0.0.202411081344/tools/bin/../lib/gcc/arm-none-eabi/13.3.1/../../../../arm-none-eabi/lib/thumb/v7e-m+fp/hard\libc_nano.a(libc_a-impure.o)
                0x20000014                _impure_data
 *(.RamFunc)
 *(.RamFunc*)
                0x20000060                        . = ALIGN (0x4)
                0x20000060                        _edata = .
                0x080069bc                        _siccmram = LOADADDR (.ccmram)

.igot.plt       0x20000060        0x0 load address 0x080069bc
 .igot.plt      0x20000060        0x0 C:/ST/STM32CubeIDE_1.18.0/STM32CubeIDE/plugins/com.st.stm32cube.ide.mcu.externaltools.gnu-tools-for-stm32.13.3.rel1.win32_1.0.0.202411081344/tools/bin/../lib/gcc/arm-none-eabi/13.3.1/thumb/v7e-m+fp/hard/crtbegin.o

.ccmram         0x10000000        0x0 load address 0x080069bc
                0x10000000                        . = ALIGN (0x4)
                0x10000000                        _sccmram = .
 *(.ccmram)
 *(.ccmram*)
                0x10000000                        . = ALIGN (0x4)
                0x10000000                        _eccmram = .
                0x10000000                        . = ALIGN (0x4)

.bss            0x20000060     0x42f4
                0x20000060                        _sbss = .
                0x20000060                        __bss_start__ = _sbss
 *(.bss)
 .bss           0x20000060       0x1c C:/ST/STM32CubeIDE_1.18.0/STM32CubeIDE/plugins/com.st.stm32cube.ide.mcu.externaltools.gnu-tools-for-stm32.13.3.rel1.win32_1.0.0.202411081344/tools/bin/../lib/gcc/arm-none-eabi/13.3.1/thumb/v7e-m+fp/hard/crtbegin.o
 *(.bss*)
 .bss.hadc1     0x2000007c       0x48 ./Core/Src/adc.o
                0x2000007c                hadc1
 .bss.hdma_adc1
                0x200000c4       0x60 ./Core/Src/adc.o
                0x200000c4                hdma_adc1
 .bss.defaultTaskHandle
                0x20000124        0x4 ./Core/Src/freertos.o
                0x20000124                defaultTaskHandle
 .bss.SensorTaskHandle
                0x20000128        0x4 ./Core/Src/freertos.o
                0x20000128                SensorTaskHandle
 .bss.xIdleTaskTCBBuffer
                0x2000012c       0x54 ./Core/Src/freertos.o
 .bss.xIdleStack
                0x20000180      0x200 ./Core/Src/freertos.o
 .bss.timer_ticks
                0x20000380        0x4 ./Core/Src/main.o
                0x20000380                timer_ticks
 .bss.process_finished
                0x20000384        0x1 ./Core/Src/main.o
                0x20000384                process_finished
 *fill*         0x20000385        0x3 
 .bss.adc_value
                0x20000388        0x2 ./Core/Src/main.o
                0x20000388                adc_value
 *fill*         0x2000038a        0x2 
 .bss.msg       0x2000038c       0x32 ./Core/Src/main.o
                0x2000038c                msg
 *fill*         0x200003be        0x2 
 .bss.__sbrk_heap_end
                0x200003c0        0x4 ./Core/Src/sysmem.o
 .bss.htim2     0x200003c4       0x48 ./Core/Src/tim.o
                0x200003c4                htim2
 .bss.huart4    0x2000040c       0x48 ./Core/Src/usart.o
                0x2000040c                huart4
 .bss.hdma_uart4_tx
                0x20000454       0x60 ./Core/Src/usart.o
                0x20000454                hdma_uart4_tx
 .bss.uwTick    0x200004b4        0x4 ./Drivers/STM32F4xx_HAL_Driver/stm32f4xx_hal.o
                0x200004b4                uwTick
 .bss.ucHeap    0x200004b8     0x3c00 ./Middlewares/FreeRTOS/heap_4.o
 .bss.xStart    0x200040b8        0x8 ./Middlewares/FreeRTOS/heap_4.o
 .bss.pxEnd     0x200040c0        0x4 ./Middlewares/FreeRTOS/heap_4.o
 .bss.xFreeBytesRemaining
                0x200040c4        0x4 ./Middlewares/FreeRTOS/heap_4.o
 .bss.xMinimumEverFreeBytesRemaining
                0x200040c8        0x4 ./Middlewares/FreeRTOS/heap_4.o
 .bss.xNumberOfSuccessfulAllocations
                0x200040cc        0x4 ./Middlewares/FreeRTOS/heap_4.o
 .bss.xNumberOfSuccessfulFrees
                0x200040d0        0x4 ./Middlewares/FreeRTOS/heap_4.o
 .bss.xBlockAllocatedBit
                0x200040d4        0x4 ./Middlewares/FreeRTOS/heap_4.o
 .bss.ucMaxSysCallPriority
                0x200040d8        0x1 ./Middlewares/FreeRTOS/port.o
 *fill*         0x200040d9        0x3 
 .bss.ulMaxPRIGROUPValue
                0x200040dc        0x4 ./Middlewares/FreeRTOS/port.o
 .bss.pxCurrentTCB
                0x200040e0        0x4 ./Middlewares/FreeRTOS/tasks.o
                0x200040e0                pxCurrentTCB
 .bss.pxReadyTasksLists
                0x200040e4       0x8c ./Middlewares/FreeRTOS/tasks.o
 .bss.xDelayedTaskList1
                0x20004170       0x14 ./Middlewares/FreeRTOS/tasks.o
 .bss.xDelayedTaskList2
                0x20004184       0x14 ./Middlewares/FreeRTOS/tasks.o
 .bss.pxDelayedTaskList
                0x20004198        0x4 ./Middlewares/FreeRTOS/tasks.o
 .bss.pxOverflowDelayedTaskList
                0x2000419c        0x4 ./Middlewares/FreeRTOS/tasks.o
 .bss.xPendingReadyList
                0x200041a0       0x14 ./Middlewares/FreeRTOS/tasks.o
 .bss.xTasksWaitingTermination
                0x200041b4       0x14 ./Middlewares/FreeRTOS/tasks.o
 .bss.uxDeletedTasksWaitingCleanUp
                0x200041c8        0x4 ./Middlewares/FreeRTOS/tasks.o
 .bss.xSuspendedTaskList
                0x200041cc       0x14 ./Middlewares/FreeRTOS/tasks.o
 .bss.uxCurrentNumberOfTasks
                0x200041e0        0x4 ./Middlewares/FreeRTOS/tasks.o
 .bss.xTickCount
                0x200041e4        0x4 ./Middlewares/FreeRTOS/tasks.o
 .bss.uxTopReadyPriority
                0x200041e8        0x4 ./Middlewares/FreeRTOS/tasks.o
 .bss.xSchedulerRunning
                0x200041ec        0x4 ./Middlewares/FreeRTOS/tasks.o
 .bss.xPendedTicks
                0x200041f0        0x4 ./Middlewares/FreeRTOS/tasks.o
 .bss.xYieldPending
                0x200041f4        0x4 ./Middlewares/FreeRTOS/tasks.o
 .bss.xNumOfOverflows
                0x200041f8        0x4 ./Middlewares/FreeRTOS/tasks.o
 .bss.uxTaskNumber
                0x200041fc        0x4 ./Middlewares/FreeRTOS/tasks.o
 .bss.xNextTaskUnblockTime
                0x20004200        0x4 ./Middlewares/FreeRTOS/tasks.o
 .bss.xIdleTaskHandle
                0x20004204        0x4 ./Middlewares/FreeRTOS/tasks.o
 .bss.uxSchedulerSuspended
                0x20004208        0x4 ./Middlewares/FreeRTOS/tasks.o
 .bss.__sf      0x2000420c      0x138 C:/ST/STM32CubeIDE_1.18.0/STM32CubeIDE/plugins/com.st.stm32cube.ide.mcu.externaltools.gnu-tools-for-stm32.13.3.rel1.win32_1.0.0.202411081344/tools/bin/../lib/gcc/arm-none-eabi/13.3.1/../../../../arm-none-eabi/lib/thumb/v7e-m+fp/hard\libc_nano.a(libc_a-findfp.o)
                0x2000420c                __sf
 .bss.errno     0x20004344        0x4 C:/ST/STM32CubeIDE_1.18.0/STM32CubeIDE/plugins/com.st.stm32cube.ide.mcu.externaltools.gnu-tools-for-stm32.13.3.rel1.win32_1.0.0.202411081344/tools/bin/../lib/gcc/arm-none-eabi/13.3.1/../../../../arm-none-eabi/lib/thumb/v7e-m+fp/hard\libc_nano.a(libc_a-reent.o)
                0x20004344                errno
 .bss.__lock___malloc_recursive_mutex
                0x20004348        0x1 C:/ST/STM32CubeIDE_1.18.0/STM32CubeIDE/plugins/com.st.stm32cube.ide.mcu.externaltools.gnu-tools-for-stm32.13.3.rel1.win32_1.0.0.202411081344/tools/bin/../lib/gcc/arm-none-eabi/13.3.1/../../../../arm-none-eabi/lib/thumb/v7e-m+fp/hard\libc_nano.a(libc_a-lock.o)
                0x20004348                __lock___malloc_recursive_mutex
 *fill*         0x20004349        0x3 
 .bss.__malloc_sbrk_start
                0x2000434c        0x4 C:/ST/STM32CubeIDE_1.18.0/STM32CubeIDE/plugins/com.st.stm32cube.ide.mcu.externaltools.gnu-tools-for-stm32.13.3.rel1.win32_1.0.0.202411081344/tools/bin/../lib/gcc/arm-none-eabi/13.3.1/../../../../arm-none-eabi/lib/thumb/v7e-m+fp/hard\libc_nano.a(libc_a-mallocr.o)
                0x2000434c                __malloc_sbrk_start
 .bss.__malloc_free_list
                0x20004350        0x4 C:/ST/STM32CubeIDE_1.18.0/STM32CubeIDE/plugins/com.st.stm32cube.ide.mcu.externaltools.gnu-tools-for-stm32.13.3.rel1.win32_1.0.0.202411081344/tools/bin/../lib/gcc/arm-none-eabi/13.3.1/../../../../arm-none-eabi/lib/thumb/v7e-m+fp/hard\libc_nano.a(libc_a-mallocr.o)
                0x20004350                __malloc_free_list
 *(COMMON)
                0x20004354                        . = ALIGN (0x4)
                0x20004354                        _ebss = .
                0x20004354                        __bss_end__ = _ebss

._user_heap_stack
                0x20004354      0x604
                0x20004358                        . = ALIGN (0x8)
 *fill*         0x20004354        0x4 
                [!provide]                        PROVIDE (end = .)
                0x20004358                        PROVIDE (_end = .)
                0x20004558                        . = (. + _Min_Heap_Size)
 *fill*         0x20004358      0x200 
                0x20004958                        . = (. + _Min_Stack_Size)
 *fill*         0x20004558      0x400 
                0x20004958                        . = ALIGN (0x8)

/DISCARD/
 libc.a(*)
 libm.a(*)
 libgcc.a(*)

.ARM.attributes
                0x00000000       0x30
 *(.ARM.attributes)
 .ARM.attributes
                0x00000000       0x22 C:/ST/STM32CubeIDE_1.18.0/STM32CubeIDE/plugins/com.st.stm32cube.ide.mcu.externaltools.gnu-tools-for-stm32.13.3.rel1.win32_1.0.0.202411081344/tools/bin/../lib/gcc/arm-none-eabi/13.3.1/thumb/v7e-m+fp/hard/crti.o
 .ARM.attributes
                0x00000022       0x34 C:/ST/STM32CubeIDE_1.18.0/STM32CubeIDE/plugins/com.st.stm32cube.ide.mcu.externaltools.gnu-tools-for-stm32.13.3.rel1.win32_1.0.0.202411081344/tools/bin/../lib/gcc/arm-none-eabi/13.3.1/thumb/v7e-m+fp/hard/crtbegin.o
 .ARM.attributes
                0x00000056       0x34 ./Core/Src/adc.o
 .ARM.attributes
                0x0000008a       0x34 ./Core/Src/dma.o
 .ARM.attributes
                0x000000be       0x34 ./Core/Src/freertos.o
 .ARM.attributes
                0x000000f2       0x34 ./Core/Src/gpio.o
 .ARM.attributes
                0x00000126       0x34 ./Core/Src/main.o
 .ARM.attributes
                0x0000015a       0x34 ./Core/Src/stm32f4xx_hal_msp.o
 .ARM.attributes
                0x0000018e       0x34 ./Core/Src/stm32f4xx_it.o
 .ARM.attributes
                0x000001c2       0x34 ./Core/Src/sysmem.o
 .ARM.attributes
                0x000001f6       0x34 ./Core/Src/system_stm32f4xx.o
 .ARM.attributes
                0x0000022a       0x34 ./Core/Src/tim.o
 .ARM.attributes
                0x0000025e       0x34 ./Core/Src/usart.o
 .ARM.attributes
                0x00000292       0x21 ./Core/Startup/startup_stm32f439zitx.o
 .ARM.attributes
                0x000002b3       0x34 ./Drivers/STM32F4xx_HAL_Driver/stm32f4xx_hal.o
 .ARM.attributes
                0x000002e7       0x34 ./Drivers/STM32F4xx_HAL_Driver/stm32f4xx_hal_adc.o
 .ARM.attributes
                0x0000031b       0x34 ./Drivers/STM32F4xx_HAL_Driver/stm32f4xx_hal_cortex.o
 .ARM.attributes
                0x0000034f       0x34 ./Drivers/STM32F4xx_HAL_Driver/stm32f4xx_hal_dma.o
 .ARM.attributes
                0x00000383       0x34 ./Drivers/STM32F4xx_HAL_Driver/stm32f4xx_hal_gpio.o
 .ARM.attributes
                0x000003b7       0x34 ./Drivers/STM32F4xx_HAL_Driver/stm32f4xx_hal_pwr_ex.o
 .ARM.attributes
                0x000003eb       0x34 ./Drivers/STM32F4xx_HAL_Driver/stm32f4xx_hal_rcc.o
 .ARM.attributes
                0x0000041f       0x34 ./Drivers/STM32F4xx_HAL_Driver/stm32f4xx_hal_tim.o
 .ARM.attributes
                0x00000453       0x34 ./Drivers/STM32F4xx_HAL_Driver/stm32f4xx_hal_tim_ex.o
 .ARM.attributes
                0x00000487       0x34 ./Drivers/STM32F4xx_HAL_Driver/stm32f4xx_hal_uart.o
 .ARM.attributes
                0x000004bb       0x34 ./Middlewares/FreeRTOS/cmsis_os.o
 .ARM.attributes
                0x000004ef       0x34 ./Middlewares/FreeRTOS/heap_4.o
 .ARM.attributes
                0x00000523       0x34 ./Middlewares/FreeRTOS/list.o
 .ARM.attributes
                0x00000557       0x34 ./Middlewares/FreeRTOS/port.o
 .ARM.attributes
                0x0000058b       0x34 ./Middlewares/FreeRTOS/tasks.o
 .ARM.attributes
                0x000005bf       0x34 C:/ST/STM32CubeIDE_1.18.0/STM32CubeIDE/plugins/com.st.stm32cube.ide.mcu.externaltools.gnu-tools-for-stm32.13.3.rel1.win32_1.0.0.202411081344/tools/bin/../lib/gcc/arm-none-eabi/13.3.1/../../../../arm-none-eabi/lib/thumb/v7e-m+fp/hard\libc_nano.a(libc_a-findfp.o)
 .ARM.attributes
                0x000005f3       0x34 C:/ST/STM32CubeIDE_1.18.0/STM32CubeIDE/plugins/com.st.stm32cube.ide.mcu.externaltools.gnu-tools-for-stm32.13.3.rel1.win32_1.0.0.202411081344/tools/bin/../lib/gcc/arm-none-eabi/13.3.1/../../../../arm-none-eabi/lib/thumb/v7e-m+fp/hard\libc_nano.a(libc_a-sprintf.o)
 .ARM.attributes
                0x00000627       0x34 C:/ST/STM32CubeIDE_1.18.0/STM32CubeIDE/plugins/com.st.stm32cube.ide.mcu.externaltools.gnu-tools-for-stm32.13.3.rel1.win32_1.0.0.202411081344/tools/bin/../lib/gcc/arm-none-eabi/13.3.1/../../../../arm-none-eabi/lib/thumb/v7e-m+fp/hard\libc_nano.a(libc_a-memset.o)
 .ARM.attributes
                0x0000065b       0x34 C:/ST/STM32CubeIDE_1.18.0/STM32CubeIDE/plugins/com.st.stm32cube.ide.mcu.externaltools.gnu-tools-for-stm32.13.3.rel1.win32_1.0.0.202411081344/tools/bin/../lib/gcc/arm-none-eabi/13.3.1/../../../../arm-none-eabi/lib/thumb/v7e-m+fp/hard\libc_nano.a(libc_a-reent.o)
 .ARM.attributes
                0x0000068f       0x34 C:/ST/STM32CubeIDE_1.18.0/STM32CubeIDE/plugins/com.st.stm32cube.ide.mcu.externaltools.gnu-tools-for-stm32.13.3.rel1.win32_1.0.0.202411081344/tools/bin/../lib/gcc/arm-none-eabi/13.3.1/../../../../arm-none-eabi/lib/thumb/v7e-m+fp/hard\libc_nano.a(libc_a-impure.o)
 .ARM.attributes
                0x000006c3       0x34 C:/ST/STM32CubeIDE_1.18.0/STM32CubeIDE/plugins/com.st.stm32cube.ide.mcu.externaltools.gnu-tools-for-stm32.13.3.rel1.win32_1.0.0.202411081344/tools/bin/../lib/gcc/arm-none-eabi/13.3.1/../../../../arm-none-eabi/lib/thumb/v7e-m+fp/hard\libc_nano.a(libc_a-errno.o)
 .ARM.attributes
                0x000006f7       0x34 C:/ST/STM32CubeIDE_1.18.0/STM32CubeIDE/plugins/com.st.stm32cube.ide.mcu.externaltools.gnu-tools-for-stm32.13.3.rel1.win32_1.0.0.202411081344/tools/bin/../lib/gcc/arm-none-eabi/13.3.1/../../../../arm-none-eabi/lib/thumb/v7e-m+fp/hard\libc_nano.a(libc_a-init.o)
 .ARM.attributes
                0x0000072b       0x34 C:/ST/STM32CubeIDE_1.18.0/STM32CubeIDE/plugins/com.st.stm32cube.ide.mcu.externaltools.gnu-tools-for-stm32.13.3.rel1.win32_1.0.0.202411081344/tools/bin/../lib/gcc/arm-none-eabi/13.3.1/../../../../arm-none-eabi/lib/thumb/v7e-m+fp/hard\libc_nano.a(libc_a-lock.o)
 .ARM.attributes
                0x0000075f       0x34 C:/ST/STM32CubeIDE_1.18.0/STM32CubeIDE/plugins/com.st.stm32cube.ide.mcu.externaltools.gnu-tools-for-stm32.13.3.rel1.win32_1.0.0.202411081344/tools/bin/../lib/gcc/arm-none-eabi/13.3.1/../../../../arm-none-eabi/lib/thumb/v7e-m+fp/hard\libc_nano.a(libc_a-memcpy-stub.o)
 .ARM.attributes
                0x00000793       0x34 C:/ST/STM32CubeIDE_1.18.0/STM32CubeIDE/plugins/com.st.stm32cube.ide.mcu.externaltools.gnu-tools-for-stm32.13.3.rel1.win32_1.0.0.202411081344/tools/bin/../lib/gcc/arm-none-eabi/13.3.1/../../../../arm-none-eabi/lib/thumb/v7e-m+fp/hard\libc_nano.a(libc_a-freer.o)
 .ARM.attributes
                0x000007c7       0x34 C:/ST/STM32CubeIDE_1.18.0/STM32CubeIDE/plugins/com.st.stm32cube.ide.mcu.externaltools.gnu-tools-for-stm32.13.3.rel1.win32_1.0.0.202411081344/tools/bin/../lib/gcc/arm-none-eabi/13.3.1/../../../../arm-none-eabi/lib/thumb/v7e-m+fp/hard\libc_nano.a(libc_a-mallocr.o)
 .ARM.attributes
                0x000007fb       0x34 C:/ST/STM32CubeIDE_1.18.0/STM32CubeIDE/plugins/com.st.stm32cube.ide.mcu.externaltools.gnu-tools-for-stm32.13.3.rel1.win32_1.0.0.202411081344/tools/bin/../lib/gcc/arm-none-eabi/13.3.1/../../../../arm-none-eabi/lib/thumb/v7e-m+fp/hard\libc_nano.a(libc_a-mlock.o)
 .ARM.attributes
                0x0000082f       0x34 C:/ST/STM32CubeIDE_1.18.0/STM32CubeIDE/plugins/com.st.stm32cube.ide.mcu.externaltools.gnu-tools-for-stm32.13.3.rel1.win32_1.0.0.202411081344/tools/bin/../lib/gcc/arm-none-eabi/13.3.1/../../../../arm-none-eabi/lib/thumb/v7e-m+fp/hard\libc_nano.a(libc_a-nano-svfprintf.o)
 .ARM.attributes
                0x00000863       0x34 C:/ST/STM32CubeIDE_1.18.0/STM32CubeIDE/plugins/com.st.stm32cube.ide.mcu.externaltools.gnu-tools-for-stm32.13.3.rel1.win32_1.0.0.202411081344/tools/bin/../lib/gcc/arm-none-eabi/13.3.1/../../../../arm-none-eabi/lib/thumb/v7e-m+fp/hard\libc_nano.a(libc_a-nano-vfprintf_i.o)
 .ARM.attributes
                0x00000897       0x34 C:/ST/STM32CubeIDE_1.18.0/STM32CubeIDE/plugins/com.st.stm32cube.ide.mcu.externaltools.gnu-tools-for-stm32.13.3.rel1.win32_1.0.0.202411081344/tools/bin/../lib/gcc/arm-none-eabi/13.3.1/../../../../arm-none-eabi/lib/thumb/v7e-m+fp/hard\libc_nano.a(libc_a-memmove.o)
 .ARM.attributes
                0x000008cb       0x34 C:/ST/STM32CubeIDE_1.18.0/STM32CubeIDE/plugins/com.st.stm32cube.ide.mcu.externaltools.gnu-tools-for-stm32.13.3.rel1.win32_1.0.0.202411081344/tools/bin/../lib/gcc/arm-none-eabi/13.3.1/../../../../arm-none-eabi/lib/thumb/v7e-m+fp/hard\libc_nano.a(libc_a-sbrkr.o)
 .ARM.attributes
                0x000008ff       0x1c C:/ST/STM32CubeIDE_1.18.0/STM32CubeIDE/plugins/com.st.stm32cube.ide.mcu.externaltools.gnu-tools-for-stm32.13.3.rel1.win32_1.0.0.202411081344/tools/bin/../lib/gcc/arm-none-eabi/13.3.1/../../../../arm-none-eabi/lib/thumb/v7e-m+fp/hard\libc_nano.a(libc_a-memchr.o)
 .ARM.attributes
                0x0000091b       0x34 C:/ST/STM32CubeIDE_1.18.0/STM32CubeIDE/plugins/com.st.stm32cube.ide.mcu.externaltools.gnu-tools-for-stm32.13.3.rel1.win32_1.0.0.202411081344/tools/bin/../lib/gcc/arm-none-eabi/13.3.1/../../../../arm-none-eabi/lib/thumb/v7e-m+fp/hard\libc_nano.a(libc_a-reallocr.o)
 .ARM.attributes
                0x0000094f       0x34 C:/ST/STM32CubeIDE_1.18.0/STM32CubeIDE/plugins/com.st.stm32cube.ide.mcu.externaltools.gnu-tools-for-stm32.13.3.rel1.win32_1.0.0.202411081344/tools/bin/../lib/gcc/arm-none-eabi/13.3.1/../../../../arm-none-eabi/lib/thumb/v7e-m+fp/hard\libc_nano.a(libc_a-msizer.o)
 .ARM.attributes
                0x00000983       0x22 C:/ST/STM32CubeIDE_1.18.0/STM32CubeIDE/plugins/com.st.stm32cube.ide.mcu.externaltools.gnu-tools-for-stm32.13.3.rel1.win32_1.0.0.202411081344/tools/bin/../lib/gcc/arm-none-eabi/13.3.1/thumb/v7e-m+fp/hard\libgcc.a(_aeabi_uldivmod.o)
 .ARM.attributes
                0x000009a5       0x34 C:/ST/STM32CubeIDE_1.18.0/STM32CubeIDE/plugins/com.st.stm32cube.ide.mcu.externaltools.gnu-tools-for-stm32.13.3.rel1.win32_1.0.0.202411081344/tools/bin/../lib/gcc/arm-none-eabi/13.3.1/thumb/v7e-m+fp/hard\libgcc.a(_udivmoddi4.o)
 .ARM.attributes
                0x000009d9       0x22 C:/ST/STM32CubeIDE_1.18.0/STM32CubeIDE/plugins/com.st.stm32cube.ide.mcu.externaltools.gnu-tools-for-stm32.13.3.rel1.win32_1.0.0.202411081344/tools/bin/../lib/gcc/arm-none-eabi/13.3.1/thumb/v7e-m+fp/hard\libgcc.a(_dvmd_tls.o)
 .ARM.attributes
                0x000009fb       0x22 C:/ST/STM32CubeIDE_1.18.0/STM32CubeIDE/plugins/com.st.stm32cube.ide.mcu.externaltools.gnu-tools-for-stm32.13.3.rel1.win32_1.0.0.202411081344/tools/bin/../lib/gcc/arm-none-eabi/13.3.1/thumb/v7e-m+fp/hard/crtn.o
OUTPUT(STM32F439ZIT6U.elf elf32-littlearm)
LOAD linker stubs
LOAD C:/ST/STM32CubeIDE_1.18.0/STM32CubeIDE/plugins/com.st.stm32cube.ide.mcu.externaltools.gnu-tools-for-stm32.13.3.rel1.win32_1.0.0.202411081344/tools/bin/../lib/gcc/arm-none-eabi/13.3.1/../../../../arm-none-eabi/lib/thumb/v7e-m+fp/hard\libc.a
LOAD C:/ST/STM32CubeIDE_1.18.0/STM32CubeIDE/plugins/com.st.stm32cube.ide.mcu.externaltools.gnu-tools-for-stm32.13.3.rel1.win32_1.0.0.202411081344/tools/bin/../lib/gcc/arm-none-eabi/13.3.1/../../../../arm-none-eabi/lib/thumb/v7e-m+fp/hard\libm.a
LOAD C:/ST/STM32CubeIDE_1.18.0/STM32CubeIDE/plugins/com.st.stm32cube.ide.mcu.externaltools.gnu-tools-for-stm32.13.3.rel1.win32_1.0.0.202411081344/tools/bin/../lib/gcc/arm-none-eabi/13.3.1/thumb/v7e-m+fp/hard\libgcc.a

.debug_info     0x00000000    0x151b2
 .debug_info    0x00000000      0x9ed ./Core/Src/adc.o
 .debug_info    0x000009ed      0x51a ./Core/Src/dma.o
 .debug_info    0x00000f07      0xba2 ./Core/Src/freertos.o
 .debug_info    0x00001aa9      0x421 ./Core/Src/gpio.o
 .debug_info    0x00001eca      0xeca ./Core/Src/main.o
 .debug_info    0x00002d94      0x50b ./Core/Src/stm32f4xx_hal_msp.o
 .debug_info    0x0000329f      0x9de ./Core/Src/stm32f4xx_it.o
 .debug_info    0x00003c7d      0x168 ./Core/Src/sysmem.o
 .debug_info    0x00003de5      0x52e ./Core/Src/system_stm32f4xx.o
 .debug_info    0x00004313      0xc5b ./Core/Src/tim.o
 .debug_info    0x00004f6e      0xc1e ./Core/Src/usart.o
 .debug_info    0x00005b8c       0x30 ./Core/Startup/startup_stm32f439zitx.o
 .debug_info    0x00005bbc      0x9c0 ./Drivers/STM32F4xx_HAL_Driver/stm32f4xx_hal.o
 .debug_info    0x0000657c      0xce3 ./Drivers/STM32F4xx_HAL_Driver/stm32f4xx_hal_adc.o
 .debug_info    0x0000725f      0xdc8 ./Drivers/STM32F4xx_HAL_Driver/stm32f4xx_hal_cortex.o
 .debug_info    0x00008027      0x8e7 ./Drivers/STM32F4xx_HAL_Driver/stm32f4xx_hal_dma.o
 .debug_info    0x0000890e      0x6db ./Drivers/STM32F4xx_HAL_Driver/stm32f4xx_hal_gpio.o
 .debug_info    0x00008fe9      0x6be ./Drivers/STM32F4xx_HAL_Driver/stm32f4xx_hal_pwr_ex.o
 .debug_info    0x000096a7      0x8db ./Drivers/STM32F4xx_HAL_Driver/stm32f4xx_hal_rcc.o
 .debug_info    0x00009f82     0x299d ./Drivers/STM32F4xx_HAL_Driver/stm32f4xx_hal_tim.o
 .debug_info    0x0000c91f     0x14db ./Drivers/STM32F4xx_HAL_Driver/stm32f4xx_hal_tim_ex.o
 .debug_info    0x0000ddfa     0x2f4f ./Drivers/STM32F4xx_HAL_Driver/stm32f4xx_hal_uart.o
 .debug_info    0x00010d49     0x1b60 ./Middlewares/FreeRTOS/cmsis_os.o
 .debug_info    0x000128a9      0x4d5 ./Middlewares/FreeRTOS/heap_4.o
 .debug_info    0x00012d7e      0x2af ./Middlewares/FreeRTOS/list.o
 .debug_info    0x0001302d      0x4de ./Middlewares/FreeRTOS/port.o
 .debug_info    0x0001350b     0x1ca7 ./Middlewares/FreeRTOS/tasks.o

.debug_abbrev   0x00000000     0x36da
 .debug_abbrev  0x00000000      0x205 ./Core/Src/adc.o
 .debug_abbrev  0x00000205      0x11b ./Core/Src/dma.o
 .debug_abbrev  0x00000320      0x23b ./Core/Src/freertos.o
 .debug_abbrev  0x0000055b      0x152 ./Core/Src/gpio.o
 .debug_abbrev  0x000006ad      0x27f ./Core/Src/main.o
 .debug_abbrev  0x0000092c      0x119 ./Core/Src/stm32f4xx_hal_msp.o
 .debug_abbrev  0x00000a45      0x1b0 ./Core/Src/stm32f4xx_it.o
 .debug_abbrev  0x00000bf5       0xbc ./Core/Src/sysmem.o
 .debug_abbrev  0x00000cb1      0x11a ./Core/Src/system_stm32f4xx.o
 .debug_abbrev  0x00000dcb      0x1f7 ./Core/Src/tim.o
 .debug_abbrev  0x00000fc2      0x22c ./Core/Src/usart.o
 .debug_abbrev  0x000011ee       0x24 ./Core/Startup/startup_stm32f439zitx.o
 .debug_abbrev  0x00001212      0x214 ./Drivers/STM32F4xx_HAL_Driver/stm32f4xx_hal.o
 .debug_abbrev  0x00001426      0x252 ./Drivers/STM32F4xx_HAL_Driver/stm32f4xx_hal_adc.o
 .debug_abbrev  0x00001678      0x31d ./Drivers/STM32F4xx_HAL_Driver/stm32f4xx_hal_cortex.o
 .debug_abbrev  0x00001995      0x264 ./Drivers/STM32F4xx_HAL_Driver/stm32f4xx_hal_dma.o
 .debug_abbrev  0x00001bf9      0x1d4 ./Drivers/STM32F4xx_HAL_Driver/stm32f4xx_hal_gpio.o
 .debug_abbrev  0x00001dcd      0x1cf ./Drivers/STM32F4xx_HAL_Driver/stm32f4xx_hal_pwr_ex.o
 .debug_abbrev  0x00001f9c      0x2b7 ./Drivers/STM32F4xx_HAL_Driver/stm32f4xx_hal_rcc.o
 .debug_abbrev  0x00002253      0x278 ./Drivers/STM32F4xx_HAL_Driver/stm32f4xx_hal_tim.o
 .debug_abbrev  0x000024cb      0x283 ./Drivers/STM32F4xx_HAL_Driver/stm32f4xx_hal_tim_ex.o
 .debug_abbrev  0x0000274e      0x30e ./Drivers/STM32F4xx_HAL_Driver/stm32f4xx_hal_uart.o
 .debug_abbrev  0x00002a5c      0x3b7 ./Middlewares/FreeRTOS/cmsis_os.o
 .debug_abbrev  0x00002e13      0x21d ./Middlewares/FreeRTOS/heap_4.o
 .debug_abbrev  0x00003030       0xf5 ./Middlewares/FreeRTOS/list.o
 .debug_abbrev  0x00003125      0x25c ./Middlewares/FreeRTOS/port.o
 .debug_abbrev  0x00003381      0x359 ./Middlewares/FreeRTOS/tasks.o

.debug_aranges  0x00000000     0x1310
 .debug_aranges
                0x00000000       0x30 ./Core/Src/adc.o
 .debug_aranges
                0x00000030       0x20 ./Core/Src/dma.o
 .debug_aranges
                0x00000050       0x38 ./Core/Src/freertos.o
 .debug_aranges
                0x00000088       0x20 ./Core/Src/gpio.o
 .debug_aranges
                0x000000a8       0x38 ./Core/Src/main.o
 .debug_aranges
                0x000000e0       0x20 ./Core/Src/stm32f4xx_hal_msp.o
 .debug_aranges
                0x00000100       0x70 ./Core/Src/stm32f4xx_it.o
 .debug_aranges
                0x00000170       0x20 ./Core/Src/sysmem.o
 .debug_aranges
                0x00000190       0x28 ./Core/Src/system_stm32f4xx.o
 .debug_aranges
                0x000001b8       0x30 ./Core/Src/tim.o
 .debug_aranges
                0x000001e8       0x30 ./Core/Src/usart.o
 .debug_aranges
                0x00000218       0x28 ./Core/Startup/startup_stm32f439zitx.o
 .debug_aranges
                0x00000240      0x100 ./Drivers/STM32F4xx_HAL_Driver/stm32f4xx_hal.o
 .debug_aranges
                0x00000340       0xe8 ./Drivers/STM32F4xx_HAL_Driver/stm32f4xx_hal_adc.o
 .debug_aranges
                0x00000428      0x130 ./Drivers/STM32F4xx_HAL_Driver/stm32f4xx_hal_cortex.o
 .debug_aranges
                0x00000558       0x90 ./Drivers/STM32F4xx_HAL_Driver/stm32f4xx_hal_dma.o
 .debug_aranges
                0x000005e8       0x58 ./Drivers/STM32F4xx_HAL_Driver/stm32f4xx_hal_gpio.o
 .debug_aranges
                0x00000640       0x60 ./Drivers/STM32F4xx_HAL_Driver/stm32f4xx_hal_pwr_ex.o
 .debug_aranges
                0x000006a0       0x88 ./Drivers/STM32F4xx_HAL_Driver/stm32f4xx_hal_rcc.o
 .debug_aranges
                0x00000728      0x3d0 ./Drivers/STM32F4xx_HAL_Driver/stm32f4xx_hal_tim.o
 .debug_aranges
                0x00000af8      0x168 ./Drivers/STM32F4xx_HAL_Driver/stm32f4xx_hal_tim_ex.o
 .debug_aranges
                0x00000c60      0x208 ./Drivers/STM32F4xx_HAL_Driver/stm32f4xx_hal_uart.o
 .debug_aranges
                0x00000e68      0x1d8 ./Middlewares/FreeRTOS/cmsis_os.o
 .debug_aranges
                0x00001040       0x58 ./Middlewares/FreeRTOS/heap_4.o
 .debug_aranges
                0x00001098       0x40 ./Middlewares/FreeRTOS/list.o
 .debug_aranges
                0x000010d8       0x80 ./Middlewares/FreeRTOS/port.o
 .debug_aranges
                0x00001158      0x1b8 ./Middlewares/FreeRTOS/tasks.o

.debug_rnglists
                0x00000000      0xeb5
 .debug_rnglists
                0x00000000       0x21 ./Core/Src/adc.o
 .debug_rnglists
                0x00000021       0x13 ./Core/Src/dma.o
 .debug_rnglists
                0x00000034       0x25 ./Core/Src/freertos.o
 .debug_rnglists
                0x00000059       0x14 ./Core/Src/gpio.o
 .debug_rnglists
                0x0000006d       0x26 ./Core/Src/main.o
 .debug_rnglists
                0x00000093       0x13 ./Core/Src/stm32f4xx_hal_msp.o
 .debug_rnglists
                0x000000a6       0x4f ./Core/Src/stm32f4xx_it.o
 .debug_rnglists
                0x000000f5       0x13 ./Core/Src/sysmem.o
 .debug_rnglists
                0x00000108       0x1a ./Core/Src/system_stm32f4xx.o
 .debug_rnglists
                0x00000122       0x20 ./Core/Src/tim.o
 .debug_rnglists
                0x00000142       0x20 ./Core/Src/usart.o
 .debug_rnglists
                0x00000162       0x19 ./Core/Startup/startup_stm32f439zitx.o
 .debug_rnglists
                0x0000017b       0xbb ./Drivers/STM32F4xx_HAL_Driver/stm32f4xx_hal.o
 .debug_rnglists
                0x00000236       0xb5 ./Drivers/STM32F4xx_HAL_Driver/stm32f4xx_hal_adc.o
 .debug_rnglists
                0x000002eb       0xe0 ./Drivers/STM32F4xx_HAL_Driver/stm32f4xx_hal_cortex.o
 .debug_rnglists
                0x000003cb       0x70 ./Drivers/STM32F4xx_HAL_Driver/stm32f4xx_hal_dma.o
 .debug_rnglists
                0x0000043b       0x3f ./Drivers/STM32F4xx_HAL_Driver/stm32f4xx_hal_gpio.o
 .debug_rnglists
                0x0000047a       0x47 ./Drivers/STM32F4xx_HAL_Driver/stm32f4xx_hal_pwr_ex.o
 .debug_rnglists
                0x000004c1       0x66 ./Drivers/STM32F4xx_HAL_Driver/stm32f4xx_hal_rcc.o
 .debug_rnglists
                0x00000527      0x31a ./Drivers/STM32F4xx_HAL_Driver/stm32f4xx_hal_tim.o
 .debug_rnglists
                0x00000841      0x125 ./Drivers/STM32F4xx_HAL_Driver/stm32f4xx_hal_tim_ex.o
 .debug_rnglists
                0x00000966      0x1bc ./Drivers/STM32F4xx_HAL_Driver/stm32f4xx_hal_uart.o
 .debug_rnglists
                0x00000b22      0x16a ./Middlewares/FreeRTOS/cmsis_os.o
 .debug_rnglists
                0x00000c8c       0x42 ./Middlewares/FreeRTOS/heap_4.o
 .debug_rnglists
                0x00000cce       0x2b ./Middlewares/FreeRTOS/list.o
 .debug_rnglists
                0x00000cf9       0x5d ./Middlewares/FreeRTOS/port.o
 .debug_rnglists
                0x00000d56      0x15f ./Middlewares/FreeRTOS/tasks.o

.debug_macro    0x00000000    0x27b40
 .debug_macro   0x00000000      0x20a ./Core/Src/adc.o
 .debug_macro   0x0000020a      0xad8 ./Core/Src/adc.o
 .debug_macro   0x00000ce2      0x2a1 ./Core/Src/adc.o
 .debug_macro   0x00000f83       0x2e ./Core/Src/adc.o
 .debug_macro   0x00000fb1       0x28 ./Core/Src/adc.o
 .debug_macro   0x00000fd9       0x22 ./Core/Src/adc.o
 .debug_macro   0x00000ffb       0x8e ./Core/Src/adc.o
 .debug_macro   0x00001089       0x51 ./Core/Src/adc.o
 .debug_macro   0x000010da      0x103 ./Core/Src/adc.o
 .debug_macro   0x000011dd       0x6a ./Core/Src/adc.o
 .debug_macro   0x00001247      0x1df ./Core/Src/adc.o
 .debug_macro   0x00001426       0x1c ./Core/Src/adc.o
 .debug_macro   0x00001442       0x22 ./Core/Src/adc.o
 .debug_macro   0x00001464       0xfb ./Core/Src/adc.o
 .debug_macro   0x0000155f     0x1011 ./Core/Src/adc.o
 .debug_macro   0x00002570      0x11f ./Core/Src/adc.o
 .debug_macro   0x0000268f    0x1863b ./Core/Src/adc.o
 .debug_macro   0x0001acca       0x6d ./Core/Src/adc.o
 .debug_macro   0x0001ad37     0x370a ./Core/Src/adc.o
 .debug_macro   0x0001e441      0x190 ./Core/Src/adc.o
 .debug_macro   0x0001e5d1       0x5c ./Core/Src/adc.o
 .debug_macro   0x0001e62d      0xd2a ./Core/Src/adc.o
 .debug_macro   0x0001f357      0x9e9 ./Core/Src/adc.o
 .debug_macro   0x0001fd40      0x115 ./Core/Src/adc.o
 .debug_macro   0x0001fe55      0x156 ./Core/Src/adc.o
 .debug_macro   0x0001ffab       0xa5 ./Core/Src/adc.o
 .debug_macro   0x00020050      0x182 ./Core/Src/adc.o
 .debug_macro   0x000201d2      0x287 ./Core/Src/adc.o
 .debug_macro   0x00020459       0x5f ./Core/Src/adc.o
 .debug_macro   0x000204b8      0x236 ./Core/Src/adc.o
 .debug_macro   0x000206ee      0xb54 ./Core/Src/adc.o
 .debug_macro   0x00021242      0x38b ./Core/Src/adc.o
 .debug_macro   0x000215cd      0x184 ./Core/Src/adc.o
 .debug_macro   0x00021751       0xf9 ./Core/Src/adc.o
 .debug_macro   0x0002184a      0x132 ./Core/Src/adc.o
 .debug_macro   0x0002197c      0x41d ./Core/Src/adc.o
 .debug_macro   0x00021d99       0x2e ./Core/Src/adc.o
 .debug_macro   0x00021dc7      0x127 ./Core/Src/adc.o
 .debug_macro   0x00021eee       0xe2 ./Core/Src/adc.o
 .debug_macro   0x00021fd0       0x89 ./Core/Src/adc.o
 .debug_macro   0x00022059      0x8ed ./Core/Src/adc.o
 .debug_macro   0x00022946       0x4d ./Core/Src/adc.o
 .debug_macro   0x00022993      0x2aa ./Core/Src/adc.o
 .debug_macro   0x00022c3d      0x134 ./Core/Src/adc.o
 .debug_macro   0x00022d71      0x20a ./Core/Src/dma.o
 .debug_macro   0x00022f7b      0x399 ./Core/Src/freertos.o
 .debug_macro   0x00023314       0xe4 ./Core/Src/freertos.o
 .debug_macro   0x000233f8      0x15a ./Core/Src/freertos.o
 .debug_macro   0x00023552       0xde ./Core/Src/freertos.o
 .debug_macro   0x00023630       0x1c ./Core/Src/freertos.o
 .debug_macro   0x0002364c       0x26 ./Core/Src/freertos.o
 .debug_macro   0x00023672      0x504 ./Core/Src/freertos.o
 .debug_macro   0x00023b76       0xb5 ./Core/Src/freertos.o
 .debug_macro   0x00023c2b       0xaa ./Core/Src/freertos.o
 .debug_macro   0x00023cd5       0x91 ./Core/Src/freertos.o
 .debug_macro   0x00023d66       0x8d ./Core/Src/freertos.o
 .debug_macro   0x00023df3       0x7e ./Core/Src/freertos.o
 .debug_macro   0x00023e71       0x19 ./Core/Src/freertos.o
 .debug_macro   0x00023e8a       0xf2 ./Core/Src/freertos.o
 .debug_macro   0x00023f7c       0x61 ./Core/Src/freertos.o
 .debug_macro   0x00023fdd       0x2a ./Core/Src/freertos.o
 .debug_macro   0x00024007       0x43 ./Core/Src/freertos.o
 .debug_macro   0x0002404a       0x34 ./Core/Src/freertos.o
 .debug_macro   0x0002407e       0x16 ./Core/Src/freertos.o
 .debug_macro   0x00024094       0x3c ./Core/Src/freertos.o
 .debug_macro   0x000240d0      0x370 ./Core/Src/freertos.o
 .debug_macro   0x00024440       0x10 ./Core/Src/freertos.o
 .debug_macro   0x00024450       0x16 ./Core/Src/freertos.o
 .debug_macro   0x00024466       0x4a ./Core/Src/freertos.o
 .debug_macro   0x000244b0       0x34 ./Core/Src/freertos.o
 .debug_macro   0x000244e4       0x10 ./Core/Src/freertos.o
 .debug_macro   0x000244f4       0x58 ./Core/Src/freertos.o
 .debug_macro   0x0002454c       0x8e ./Core/Src/freertos.o
 .debug_macro   0x000245da       0x1c ./Core/Src/freertos.o
 .debug_macro   0x000245f6      0x185 ./Core/Src/freertos.o
 .debug_macro   0x0002477b       0x16 ./Core/Src/freertos.o
 .debug_macro   0x00024791       0x16 ./Core/Src/freertos.o
 .debug_macro   0x000247a7      0x146 ./Core/Src/freertos.o
 .debug_macro   0x000248ed      0x20a ./Core/Src/gpio.o
 .debug_macro   0x00024af7      0x2e9 ./Core/Src/main.o
 .debug_macro   0x00024de0       0xe4 ./Core/Src/main.o
 .debug_macro   0x00024ec4      0x200 ./Core/Src/stm32f4xx_hal_msp.o
 .debug_macro   0x000250c4      0x272 ./Core/Src/stm32f4xx_it.o
 .debug_macro   0x00025336      0x112 ./Core/Src/sysmem.o
 .debug_macro   0x00025448      0x23c ./Core/Src/sysmem.o
 .debug_macro   0x00025684      0x1f6 ./Core/Src/system_stm32f4xx.o
 .debug_macro   0x0002587a      0x20a ./Core/Src/tim.o
 .debug_macro   0x00025a84      0x20a ./Core/Src/usart.o
 .debug_macro   0x00025c8e      0x256 ./Drivers/STM32F4xx_HAL_Driver/stm32f4xx_hal.o
 .debug_macro   0x00025ee4      0x1f7 ./Drivers/STM32F4xx_HAL_Driver/stm32f4xx_hal_adc.o
 .debug_macro   0x000260db      0x1f6 ./Drivers/STM32F4xx_HAL_Driver/stm32f4xx_hal_cortex.o
 .debug_macro   0x000262d1      0x1fc ./Drivers/STM32F4xx_HAL_Driver/stm32f4xx_hal_dma.o
 .debug_macro   0x000264cd      0x1fc ./Drivers/STM32F4xx_HAL_Driver/stm32f4xx_hal_gpio.o
 .debug_macro   0x000266c9      0x20e ./Drivers/STM32F4xx_HAL_Driver/stm32f4xx_hal_pwr_ex.o
 .debug_macro   0x000268d7      0x21a ./Drivers/STM32F4xx_HAL_Driver/stm32f4xx_hal_rcc.o
 .debug_macro   0x00026af1      0x1f7 ./Drivers/STM32F4xx_HAL_Driver/stm32f4xx_hal_tim.o
 .debug_macro   0x00026ce8      0x1f6 ./Drivers/STM32F4xx_HAL_Driver/stm32f4xx_hal_tim_ex.o
 .debug_macro   0x00026ede      0x1f7 ./Drivers/STM32F4xx_HAL_Driver/stm32f4xx_hal_uart.o
 .debug_macro   0x000270d5      0x1fe ./Middlewares/FreeRTOS/cmsis_os.o
 .debug_macro   0x000272d3       0x10 ./Middlewares/FreeRTOS/cmsis_os.o
 .debug_macro   0x000272e3       0x20 ./Middlewares/FreeRTOS/cmsis_os.o
 .debug_macro   0x00027303       0xe9 ./Middlewares/FreeRTOS/cmsis_os.o
 .debug_macro   0x000273ec      0x1ae ./Middlewares/FreeRTOS/heap_4.o
 .debug_macro   0x0002759a      0x187 ./Middlewares/FreeRTOS/list.o
 .debug_macro   0x00027721      0x196 ./Middlewares/FreeRTOS/port.o
 .debug_macro   0x000278b7      0x279 ./Middlewares/FreeRTOS/tasks.o
 .debug_macro   0x00027b30       0x10 ./Middlewares/FreeRTOS/tasks.o

.debug_line     0x00000000    0x18ffb
 .debug_line    0x00000000      0x920 ./Core/Src/adc.o
 .debug_line    0x00000920      0x86c ./Core/Src/dma.o
 .debug_line    0x0000118c      0xc7a ./Core/Src/freertos.o
 .debug_line    0x00001e06      0x87d ./Core/Src/gpio.o
 .debug_line    0x00002683      0xb7e ./Core/Src/main.o
 .debug_line    0x00003201      0x86e ./Core/Src/stm32f4xx_hal_msp.o
 .debug_line    0x00003a6f      0xad6 ./Core/Src/stm32f4xx_it.o
 .debug_line    0x00004545      0x588 ./Core/Src/sysmem.o
 .debug_line    0x00004acd      0x8e3 ./Core/Src/system_stm32f4xx.o
 .debug_line    0x000053b0      0x8e7 ./Core/Src/tim.o
 .debug_line    0x00005c97      0x909 ./Core/Src/usart.o
 .debug_line    0x000065a0       0x7a ./Core/Startup/startup_stm32f439zitx.o
 .debug_line    0x0000661a      0xbcd ./Drivers/STM32F4xx_HAL_Driver/stm32f4xx_hal.o
 .debug_line    0x000071e7     0x13ba ./Drivers/STM32F4xx_HAL_Driver/stm32f4xx_hal_adc.o
 .debug_line    0x000085a1      0xe67 ./Drivers/STM32F4xx_HAL_Driver/stm32f4xx_hal_cortex.o
 .debug_line    0x00009408     0x1103 ./Drivers/STM32F4xx_HAL_Driver/stm32f4xx_hal_dma.o
 .debug_line    0x0000a50b      0xd17 ./Drivers/STM32F4xx_HAL_Driver/stm32f4xx_hal_gpio.o
 .debug_line    0x0000b222      0xb04 ./Drivers/STM32F4xx_HAL_Driver/stm32f4xx_hal_pwr_ex.o
 .debug_line    0x0000bd26      0xfa4 ./Drivers/STM32F4xx_HAL_Driver/stm32f4xx_hal_rcc.o
 .debug_line    0x0000ccca     0x390c ./Drivers/STM32F4xx_HAL_Driver/stm32f4xx_hal_tim.o
 .debug_line    0x000105d6     0x1af7 ./Drivers/STM32F4xx_HAL_Driver/stm32f4xx_hal_tim_ex.o
 .debug_line    0x000120cd     0x26df ./Drivers/STM32F4xx_HAL_Driver/stm32f4xx_hal_uart.o
 .debug_line    0x000147ac     0x13e0 ./Middlewares/FreeRTOS/cmsis_os.o
 .debug_line    0x00015b8c      0xa4b ./Middlewares/FreeRTOS/heap_4.o
 .debug_line    0x000165d7      0x834 ./Middlewares/FreeRTOS/list.o
 .debug_line    0x00016e0b      0x881 ./Middlewares/FreeRTOS/port.o
 .debug_line    0x0001768c     0x196f ./Middlewares/FreeRTOS/tasks.o

.debug_str      0x00000000    0xf2070
 .debug_str     0x00000000    0xf2070 ./Core/Src/adc.o
                              0xe1c29 (size before relaxing)
 .debug_str     0x000f2070    0xe1c51 ./Core/Src/dma.o
 .debug_str     0x000f2070    0xeb601 ./Core/Src/freertos.o
 .debug_str     0x000f2070    0xe1791 ./Core/Src/gpio.o
 .debug_str     0x000f2070    0xe80b5 ./Core/Src/main.o
 .debug_str     0x000f2070    0xe1c41 ./Core/Src/stm32f4xx_hal_msp.o
 .debug_str     0x000f2070    0xe5c0e ./Core/Src/stm32f4xx_it.o
 .debug_str     0x000f2070     0x7783 ./Core/Src/sysmem.o
 .debug_str     0x000f2070    0xe1776 ./Core/Src/system_stm32f4xx.o
 .debug_str     0x000f2070    0xe2309 ./Core/Src/tim.o
 .debug_str     0x000f2070    0xe2214 ./Core/Src/usart.o
 .debug_str     0x000f2070       0x85 ./Core/Startup/startup_stm32f439zitx.o
 .debug_str     0x000f2070    0xe23db ./Drivers/STM32F4xx_HAL_Driver/stm32f4xx_hal.o
 .debug_str     0x000f2070    0xe1d88 ./Drivers/STM32F4xx_HAL_Driver/stm32f4xx_hal_adc.o
 .debug_str     0x000f2070    0xe2109 ./Drivers/STM32F4xx_HAL_Driver/stm32f4xx_hal_cortex.o
 .debug_str     0x000f2070    0xe1bb5 ./Drivers/STM32F4xx_HAL_Driver/stm32f4xx_hal_dma.o
 .debug_str     0x000f2070    0xe1929 ./Drivers/STM32F4xx_HAL_Driver/stm32f4xx_hal_gpio.o
 .debug_str     0x000f2070    0xe1986 ./Drivers/STM32F4xx_HAL_Driver/stm32f4xx_hal_pwr_ex.o
 .debug_str     0x000f2070    0xe1be2 ./Drivers/STM32F4xx_HAL_Driver/stm32f4xx_hal_rcc.o
 .debug_str     0x000f2070    0xe2b25 ./Drivers/STM32F4xx_HAL_Driver/stm32f4xx_hal_tim.o
 .debug_str     0x000f2070    0xe2331 ./Drivers/STM32F4xx_HAL_Driver/stm32f4xx_hal_tim_ex.o
 .debug_str     0x000f2070    0xe21b0 ./Drivers/STM32F4xx_HAL_Driver/stm32f4xx_hal_uart.o
 .debug_str     0x000f2070     0xeb71 ./Middlewares/FreeRTOS/cmsis_os.o
 .debug_str     0x000f2070     0xb585 ./Middlewares/FreeRTOS/heap_4.o
 .debug_str     0x000f2070     0xac43 ./Middlewares/FreeRTOS/list.o
 .debug_str     0x000f2070     0x87e9 ./Middlewares/FreeRTOS/port.o
 .debug_str     0x000f2070     0xcfae ./Middlewares/FreeRTOS/tasks.o

.comment        0x00000000       0x43
 .comment       0x00000000       0x43 ./Core/Src/adc.o
                                 0x44 (size before relaxing)
 .comment       0x00000043       0x44 ./Core/Src/dma.o
 .comment       0x00000043       0x44 ./Core/Src/freertos.o
 .comment       0x00000043       0x44 ./Core/Src/gpio.o
 .comment       0x00000043       0x44 ./Core/Src/main.o
 .comment       0x00000043       0x44 ./Core/Src/stm32f4xx_hal_msp.o
 .comment       0x00000043       0x44 ./Core/Src/stm32f4xx_it.o
 .comment       0x00000043       0x44 ./Core/Src/sysmem.o
 .comment       0x00000043       0x44 ./Core/Src/system_stm32f4xx.o
 .comment       0x00000043       0x44 ./Core/Src/tim.o
 .comment       0x00000043       0x44 ./Core/Src/usart.o
 .comment       0x00000043       0x44 ./Drivers/STM32F4xx_HAL_Driver/stm32f4xx_hal.o
 .comment       0x00000043       0x44 ./Drivers/STM32F4xx_HAL_Driver/stm32f4xx_hal_adc.o
 .comment       0x00000043       0x44 ./Drivers/STM32F4xx_HAL_Driver/stm32f4xx_hal_cortex.o
 .comment       0x00000043       0x44 ./Drivers/STM32F4xx_HAL_Driver/stm32f4xx_hal_dma.o
 .comment       0x00000043       0x44 ./Drivers/STM32F4xx_HAL_Driver/stm32f4xx_hal_gpio.o
 .comment       0x00000043       0x44 ./Drivers/STM32F4xx_HAL_Driver/stm32f4xx_hal_pwr_ex.o
 .comment       0x00000043       0x44 ./Drivers/STM32F4xx_HAL_Driver/stm32f4xx_hal_rcc.o
 .comment       0x00000043       0x44 ./Drivers/STM32F4xx_HAL_Driver/stm32f4xx_hal_tim.o
 .comment       0x00000043       0x44 ./Drivers/STM32F4xx_HAL_Driver/stm32f4xx_hal_tim_ex.o
 .comment       0x00000043       0x44 ./Drivers/STM32F4xx_HAL_Driver/stm32f4xx_hal_uart.o
 .comment       0x00000043       0x44 ./Middlewares/FreeRTOS/cmsis_os.o
 .comment       0x00000043       0x44 ./Middlewares/FreeRTOS/heap_4.o
 .comment       0x00000043       0x44 ./Middlewares/FreeRTOS/list.o
 .comment       0x00000043       0x44 ./Middlewares/FreeRTOS/port.o
 .comment       0x00000043       0x44 ./Middlewares/FreeRTOS/tasks.o

.debug_frame    0x00000000     0x52f4
 .debug_frame   0x00000000       0x7c ./Core/Src/adc.o
 .debug_frame   0x0000007c       0x34 ./Core/Src/dma.o
 .debug_frame   0x000000b0       0xa0 ./Core/Src/freertos.o
 .debug_frame   0x00000150       0x34 ./Core/Src/gpio.o
 .debug_frame   0x00000184       0x8c ./Core/Src/main.o
 .debug_frame   0x00000210       0x34 ./Core/Src/stm32f4xx_hal_msp.o
 .debug_frame   0x00000244      0x134 ./Core/Src/stm32f4xx_it.o
 .debug_frame   0x00000378       0x34 ./Core/Src/sysmem.o
 .debug_frame   0x000003ac       0x58 ./Core/Src/system_stm32f4xx.o
 .debug_frame   0x00000404       0x7c ./Core/Src/tim.o
 .debug_frame   0x00000480       0x74 ./Core/Src/usart.o
 .debug_frame   0x000004f4      0x3b4 ./Drivers/STM32F4xx_HAL_Driver/stm32f4xx_hal.o
 .debug_frame   0x000008a8      0x3fc ./Drivers/STM32F4xx_HAL_Driver/stm32f4xx_hal_adc.o
 .debug_frame   0x00000ca4      0x508 ./Drivers/STM32F4xx_HAL_Driver/stm32f4xx_hal_cortex.o
 .debug_frame   0x000011ac      0x250 ./Drivers/STM32F4xx_HAL_Driver/stm32f4xx_hal_dma.o
 .debug_frame   0x000013fc      0x14c ./Drivers/STM32F4xx_HAL_Driver/stm32f4xx_hal_gpio.o
 .debug_frame   0x00001548      0x14c ./Drivers/STM32F4xx_HAL_Driver/stm32f4xx_hal_pwr_ex.o
 .debug_frame   0x00001694      0x1f4 ./Drivers/STM32F4xx_HAL_Driver/stm32f4xx_hal_rcc.o
 .debug_frame   0x00001888     0x11c0 ./Drivers/STM32F4xx_HAL_Driver/stm32f4xx_hal_tim.o